<html>
<body>
<pre>
<h1>µVision Build Log</h1>
<h2>Tool Versions:</h2>
IDE-Version: ¦ÌVision V5.38.0.0
Copyright (C) 2022 ARM Ltd and ARM Germany GmbH. All rights reserved.
License Information: asd 747468555@qq.com, asd, LIC=WHYH9-4LG2L-DYGV3-AU9ZZ-6DJAT-NDK3L
 
Tool Versions:
Toolchain:       MDK-ARM Plus  Version: 5.38.0.0
Toolchain Path:  D:\Software\Keil\keil5 538A\ARM\ARMCC\Bin
C Compiler:      Armcc.exe V5.06 update 7 (build 960)
Assembler:       Armasm.exe V5.06 update 7 (build 960)
Linker/Locator:  ArmLink.exe V5.06 update 7 (build 960)
Library Manager: ArmAr.exe V5.06 update 7 (build 960)
Hex Converter:   FromElf.exe V5.06 update 7 (build 960)
CPU DLL:         SARMCM3.DLL V5.38.0.0
Dialog DLL:      DCM.DLL V1.17.5.0
Target DLL:      Segger\JL2CM3.dll V2.99.42.0
Dialog DLL:      TCM.DLL V1.56.4.0
 
<h2>Project:</h2>
D:\Project\wristband_01_xyx_r_V1.7_250724\projects\peripheral\graphics\graphics_lvgl_831_gpu_demo\Keil_5\graphics_lvgl_831_gpu_demo.uvprojx
Project File Date:  01/22/2026

<h2>Output:</h2>
*** Using Compiler 'V5.06 update 7 (build 960)', folder: 'D:\Software\Keil\keil5 538A\ARM\ARMCC\Bin'
Build target 'GRxx_Soc'
compiling gh_demo_hook.c...
..\Src\gh3x2x\gh3x2x_code\3-demo_code\demo_kernel_code\kernel\gh_demo_hook.c(184): warning:  #177-D: variable "ble_data"  was declared but never referenced
      char ble_data[50];
..\Src\gh3x2x\gh3x2x_code\3-demo_code\demo_kernel_code\kernel\gh_demo_hook.c: 1 warning, 0 errors
linking...
Program Size: Code=194912 RO-data=65696 RW-data=4368 ZI-data=8863552  
FromELF: creating hex file...
After Build - User command #1: fromelf.exe --text -c --output Listings\graphics_lvgl_831_template.s   Objects\graphics_lvgl_831_template.axf
After Build - User command #2: fromelf.exe --bin --output Listings\graphics_lvgl_831_template.bin Objects\graphics_lvgl_831_template.axf
".\Objects\graphics_lvgl_831_template.axf" - 0 Error(s), 1 Warning(s).

<h2>Software Packages used:</h2>

Package Vendor: ARM
                http://www.keil.com/pack/ARM.CMSIS.5.3.0.pack
                ARM.CMSIS.5.3.0
                CMSIS (Cortex Microcontroller Software Interface Standard)

<h2>Collection of Component include folders:</h2>
  D:/Software/Keil/keil5 538A/ARM/Packs/ARM/CMSIS/5.3.0/Device/ARM/ARMCM4/Include

<h2>Collection of Component Files used:</h2>
Build Time Elapsed:  00:00:12
</pre>
</body>
</html>
