<!doctype html public "-//w3c//dtd html 4.0 transitional//en">
<html><head>
<title>Static Call Graph - [.\Objects\graphics_lvgl_831_template.axf]</title></head>
<body><HR>
<H1>Static Call Graph for image .\Objects\graphics_lvgl_831_template.axf</H1><HR>
<BR><P>#&#060CALLGRAPH&#062# ARM Linker, 5060960: Last Updated: Thu Jan 22 20:46:12 2026
<BR><P>
<H3>Maximum Stack Usage =       2220 bytes + Unknown(Cycles, Untraceable Function Pointers)</H3><H3>
Call chain for Maximum Stack Depth:</H3>
main &rArr; app_ecg_poll &rArr; process_pending_event &rArr; handle_ecg_stop &rArr; Gh3x2xDemoStartSamplingWithCfgSwitch &rArr; Gh3x2xDemoStartSamplingInner &rArr; Gh3x2xDemoSamplingControl &rArr; Gh3x2xDemoInterruptProcess &rArr;  Gh3x2xDemoStartSampling (Cycle)
<P>
<H3>
Mutually Recursive functions
</H3> <LI><a href="#[1a]">NMI_Handler</a>&nbsp;&nbsp;&nbsp;&rArr;&nbsp;&nbsp;&nbsp;<a href="#[1a]">NMI_Handler</a><BR>
 <LI><a href="#[20]">DebugMon_Handler</a>&nbsp;&nbsp;&nbsp;&rArr;&nbsp;&nbsp;&nbsp;<a href="#[20]">DebugMon_Handler</a><BR>
 <LI><a href="#[22]">SysTick_Handler</a>&nbsp;&nbsp;&nbsp;&rArr;&nbsp;&nbsp;&nbsp;<a href="#[22]">SysTick_Handler</a><BR>
 <LI><a href="#[18b]">GH3X2X_WriteReg</a>&nbsp;&nbsp;&nbsp;&rArr;&nbsp;&nbsp;&nbsp;<a href="#[1d5]">GH3X2X_TryWakeUp</a><BR>
 <LI><a href="#[280]">Gh3x2xDemoStopSamplingInner</a>&nbsp;&nbsp;&nbsp;&rArr;&nbsp;&nbsp;&nbsp;<a href="#[24b]">Gh3x2xDemoSamplingControl</a><BR>
 <LI><a href="#[25f]">Gh3x2xDemoInterruptProcess</a>&nbsp;&nbsp;&nbsp;&rArr;&nbsp;&nbsp;&nbsp;<a href="#[269]">Gh3x2xDemoStartSampling</a><BR>
 <LI><a href="#[271]">Gh3x2x_WearEventHook</a>&nbsp;&nbsp;&nbsp;&rArr;&nbsp;&nbsp;&nbsp;<a href="#[269]">Gh3x2xDemoStartSampling</a><BR>
 <LI><a href="#[26f]">Gh3x2x_LeadOnEventHook</a>&nbsp;&nbsp;&nbsp;&rArr;&nbsp;&nbsp;&nbsp;<a href="#[269]">Gh3x2xDemoStartSampling</a><BR>
 <LI><a href="#[268]">Gh3x2xDemoStartSamplingForEngineeringMode</a>&nbsp;&nbsp;&nbsp;&rArr;&nbsp;&nbsp;&nbsp;<a href="#[27b]">Gh3x2xDemoStartSamplingInner</a><BR>
 <LI><a href="#[24a]">Gh3x2xDemoArrayCfgSwitch</a>&nbsp;&nbsp;&nbsp;&rArr;&nbsp;&nbsp;&nbsp;<a href="#[24b]">Gh3x2xDemoSamplingControl</a><BR>
</UL>
<P>
<H3>
Function Pointers
</H3><UL>
 <LI><a href="#[71]">AON_EXT_IRQHandler</a> from app_io.o(.ramfunc) referenced from app_io.o(i.app_io_init)
 <LI><a href="#[60]">AYXHwtchwZtHrV6</a> from d0ItuiDov44.o(i.AYXHwtchwZtHrV6) referenced from bf0aNrjP041XS9N7I3fszN.o(i._P86kJUY5rW3uJstg6MY8ZNDJ04602Q)
 <LI><a href="#[a4]">BLESLP_IRQHandler</a> from rwip_sleep_common.o(RAM_CODE) referenced from platform_sdk.o(i.platform_sdk_init)
 <LI><a href="#[a5]">BLE_PWR_ON_IRQHandler</a> from rom_symbol.txt(ABSOLUTE) referenced from platform_sdk.o(i.platform_sdk_init)
 <LI><a href="#[1d]">BusFault_Handler</a> from gr_interrupt.o(i.BusFault_Handler) referenced 2 times from gr_soc.o(.data)
 <LI><a href="#[1d]">BusFault_Handler</a> from gr_interrupt.o(i.BusFault_Handler) referenced from startup.o(RESET)
 <LI><a href="#[7e]">CLK_CALIB_IRQHandler</a> from platform_clock_calib.o(i.CLK_CALIB_IRQHandler) referenced from platform_clock_calib.o(i.boot_clock_calib_start)
 <LI><a href="#[7e]">CLK_CALIB_IRQHandler</a> from platform_clock_calib.o(i.CLK_CALIB_IRQHandler) referenced from platform_clock_calib.o(i.hfosc_clk_calib_inner_start_new)
 <LI><a href="#[7e]">CLK_CALIB_IRQHandler</a> from platform_clock_calib.o(i.CLK_CALIB_IRQHandler) referenced from platform_clock_calib.o(i.low_power_clock_calib_start)
 <LI><a href="#[80]">CPLL_DRIFT_IRQHandler</a> from platform_pmu.o(i.CPLL_DRIFT_IRQHandler) referenced from platform_pmu.o(i.cpll_calibration_init)
 <LI><a href="#[64]">DMA0_IRQHandler</a> from app_dma.o(.ramfunc) referenced from app_dma.o(i.app_dma_init)
 <LI><a href="#[65]">DMA1_IRQHandler</a> from app_dma.o(.ramfunc) referenced from app_dma.o(i.app_dma_init)
 <LI><a href="#[20]">DebugMon_Handler</a> from startup.o(.text) referenced 2 times from gr_soc.o(.data)
 <LI><a href="#[20]">DebugMon_Handler</a> from startup.o(.text) referenced from startup.o(RESET)
 <LI><a href="#[6f]">EXT0_IRQHandler</a> from app_io.o(.ramfunc) referenced from app_io.o(i.app_io_init)
 <LI><a href="#[70]">EXT1_IRQHandler</a> from app_io.o(.ramfunc) referenced from app_io.o(i.app_io_init)
 <LI><a href="#[72]">EXT2_IRQHandler</a> from app_io.o(.ramfunc) referenced from app_io.o(i.app_io_init)
 <LI><a href="#[9d]">ElqmvyB9svE0AL</a> from 1x3gWY4Q64R.o(i.ElqmvyB9svE0AL) referenced from 1x3gWY4Q64R.o(i.liacuwrcbtQ)
 <LI><a href="#[5a]">GH3X2X_GetDemoVersion</a> from gh_demo.o(i.GH3X2X_GetDemoVersion) referenced from gh_demo.o(i.Gh3x2xDemoInit)
 <LI><a href="#[59]">GH3X2X_GetEvkBootloaderVersion</a> from gh_demo.o(i.GH3X2X_GetEvkBootloaderVersion) referenced from gh_demo.o(i.Gh3x2xDemoInit)
 <LI><a href="#[5b]">GH3X2X_GetFirmwareVersion</a> from gh_demo.o(i.GH3X2X_GetFirmwareVersion) referenced from gh_demo.o(i.Gh3x2xDemoInit)
 <LI><a href="#[4b]">GH3X2X_I2cReadFifo</a> from gh_drv_interface.o(i.GH3X2X_I2cReadFifo) referenced from gh_drv_interface.o(i.GH3X2X_RegisterI2cOperationFunc)
 <LI><a href="#[49]">GH3X2X_I2cReadReg</a> from gh_drv_interface.o(i.GH3X2X_I2cReadReg) referenced from gh_drv_interface.o(i.GH3X2X_RegisterI2cOperationFunc)
 <LI><a href="#[4a]">GH3X2X_I2cReadRegs</a> from gh_drv_interface.o(i.GH3X2X_I2cReadRegs) referenced from gh_drv_interface.o(i.GH3X2X_RegisterI2cOperationFunc)
 <LI><a href="#[47]">GH3X2X_I2cSendCmd</a> from gh_drv_interface.o(i.GH3X2X_I2cSendCmd) referenced from gh_drv_interface.o(i.GH3X2X_RegisterI2cOperationFunc)
 <LI><a href="#[48]">GH3X2X_I2cWriteReg</a> from gh_drv_interface.o(i.GH3X2X_I2cWriteReg) referenced from gh_drv_interface.o(i.GH3X2X_RegisterI2cOperationFunc)
 <LI><a href="#[d5]">GH3X2X_WriteAgcConfigWithVirtualReg</a> from gh_drv_config.o(i.GH3X2X_WriteAgcConfigWithVirtualReg) referenced from gh_drv_config.o(.constdata)
 <LI><a href="#[d6]">GH3X2X_WriteChnlMapConfigWithVirtualReg</a> from gh_drv_config.o(i.GH3X2X_WriteChnlMapConfigWithVirtualReg) referenced from gh_drv_config.o(.constdata)
 <LI><a href="#[d7]">GH3X2X_WriteFsConfigWithVirtualReg</a> from gh_drv_config.o(i.GH3X2X_WriteFsConfigWithVirtualReg) referenced from gh_drv_config.o(.constdata)
 <LI><a href="#[da]">GH3x2xAdtAlgoDeinit</a> from gh3x2x_demo_algo_call_adt.o(i.GH3x2xAdtAlgoDeinit) referenced from gh3x2x_demo_algo_call.o(.constdata)
 <LI><a href="#[d9]">GH3x2xAdtAlgoExe</a> from gh3x2x_demo_algo_call_adt.o(i.GH3x2xAdtAlgoExe) referenced from gh3x2x_demo_algo_call.o(.constdata)
 <LI><a href="#[d8]">GH3x2xAdtAlgoInit</a> from gh3x2x_demo_algo_call_adt.o(i.GH3x2xAdtAlgoInit) referenced from gh3x2x_demo_algo_call.o(.constdata)
 <LI><a href="#[e6]">GH3x2xEcgAlgoDeinit</a> from gh3x2x_demo_algo_call_ecg.o(i.GH3x2xEcgAlgoDeinit) referenced from gh3x2x_demo_algo_call.o(.constdata)
 <LI><a href="#[e5]">GH3x2xEcgAlgoExe</a> from gh3x2x_demo_algo_call_ecg.o(i.GH3x2xEcgAlgoExe) referenced from gh3x2x_demo_algo_call.o(.constdata)
 <LI><a href="#[e4]">GH3x2xEcgAlgoInit</a> from gh3x2x_demo_algo_call_ecg.o(i.GH3x2xEcgAlgoInit) referenced from gh3x2x_demo_algo_call.o(.constdata)
 <LI><a href="#[dd]">GH3x2xHrAlgoDeinit</a> from gh3x2x_demo_algo_call_hr.o(i.GH3x2xHrAlgoDeinit) referenced from gh3x2x_demo_algo_call.o(.constdata)
 <LI><a href="#[dc]">GH3x2xHrAlgoExe</a> from gh3x2x_demo_algo_call_hr.o(i.GH3x2xHrAlgoExe) referenced from gh3x2x_demo_algo_call.o(.constdata)
 <LI><a href="#[db]">GH3x2xHrAlgoInit</a> from gh3x2x_demo_algo_call_hr.o(i.GH3x2xHrAlgoInit) referenced from gh3x2x_demo_algo_call.o(.constdata)
 <LI><a href="#[e0]">GH3x2xHrvAlgoDeinit</a> from gh3x2x_demo_algo_call_hrv.o(i.GH3x2xHrvAlgoDeinit) referenced from gh3x2x_demo_algo_call.o(.constdata)
 <LI><a href="#[df]">GH3x2xHrvAlgoExe</a> from gh3x2x_demo_algo_call_hrv.o(i.GH3x2xHrvAlgoExe) referenced from gh3x2x_demo_algo_call.o(.constdata)
 <LI><a href="#[de]">GH3x2xHrvAlgoInit</a> from gh3x2x_demo_algo_call_hrv.o(i.GH3x2xHrvAlgoInit) referenced from gh3x2x_demo_algo_call.o(.constdata)
 <LI><a href="#[e9]">GH3x2xSoftAdtAlgoDeinit</a> from gh3x2x_demo_algo_call_nadt.o(i.GH3x2xSoftAdtAlgoDeinit) referenced 2 times from gh3x2x_demo_algo_call.o(.constdata)
 <LI><a href="#[e8]">GH3x2xSoftAdtAlgoExe</a> from gh3x2x_demo_algo_call_nadt.o(i.GH3x2xSoftAdtAlgoExe) referenced 2 times from gh3x2x_demo_algo_call.o(.constdata)
 <LI><a href="#[e7]">GH3x2xSoftAdtAlgoInit</a> from gh3x2x_demo_algo_call_nadt.o(i.GH3x2xSoftAdtAlgoInit) referenced 2 times from gh3x2x_demo_algo_call.o(.constdata)
 <LI><a href="#[e3]">GH3x2xSpo2AlgoDeinit</a> from gh3x2x_demo_algo_call_spo2.o(i.GH3x2xSpo2AlgoDeinit) referenced from gh3x2x_demo_algo_call.o(.constdata)
 <LI><a href="#[e2]">GH3x2xSpo2AlgoExe</a> from gh3x2x_demo_algo_call_spo2.o(i.GH3x2xSpo2AlgoExe) referenced from gh3x2x_demo_algo_call.o(.constdata)
 <LI><a href="#[e1]">GH3x2xSpo2AlgoInit</a> from gh3x2x_demo_algo_call_spo2.o(i.GH3x2xSpo2AlgoInit) referenced from gh3x2x_demo_algo_call.o(.constdata)
 <LI><a href="#[58]">Gh3x2x_BspDelayUs</a> from gh_demo_user.o(i.Gh3x2x_BspDelayUs) referenced from gh_demo.o(i.Gh3x2xDemoInit)
 <LI><a href="#[cd]">Gh3x2x_CreateMultiSensorTimer</a> from gh_demo_user.o(i.Gh3x2x_CreateMultiSensorTimer) referenced from gh_demo_user.o(.constdata)
 <LI><a href="#[d0]">Gh3x2x_DeleteMultiSensorTimer</a> from gh_demo_user.o(i.Gh3x2x_DeleteMultiSensorTimer) referenced from gh_demo_user.o(.constdata)
 <LI><a href="#[ce]">Gh3x2x_StartMultiSensorTimer</a> from gh_demo_user.o(i.Gh3x2x_StartMultiSensorTimer) referenced from gh_demo_user.o(.constdata)
 <LI><a href="#[cf]">Gh3x2x_StopMultiSensorTimer</a> from gh_demo_user.o(i.Gh3x2x_StopMultiSensorTimer) referenced from gh_demo_user.o(.constdata)
 <LI><a href="#[d1]">GhConfigSwModuleConfigInfoParmSet</a> from gh_drv_config.o(i.GhConfigSwModuleConfigInfoParmSet) referenced from gh_drv_config.o(.constdata)
 <LI><a href="#[d2]">GhConfigSwModuleDumpParmSet</a> from gh_drv_config.o(i.GhConfigSwModuleDumpParmSet) referenced from gh_drv_config.o(.constdata)
 <LI><a href="#[d3]">GhConfigSwModuleFifoInfoParmSet</a> from gh_drv_config.o(i.GhConfigSwModuleFifoInfoParmSet) referenced from gh_drv_config.o(.constdata)
 <LI><a href="#[d4]">GhConfigSwModuleGsParmSet</a> from gh_drv_config.o(i.GhConfigSwModuleGsParmSet) referenced from gh_drv_config.o(.constdata)
 <LI><a href="#[5d]">GhMultiSensorTimerHandler</a> from gh_demo_user.o(i.GhMultiSensorTimerHandler) referenced from gh_demo_user.o(i.Gh3x2x_CreateMultiSensorTimer)
 <LI><a href="#[5c]">GhSerialSendTimerHandler</a> from gh_demo_user.o(i.GhSerialSendTimerHandler) referenced from gh_demo_user.o(i.Gh3x2xSerialSendTimerInit)
 <LI><a href="#[99]">H8pMi3qwv4bjkM</a> from K5172SL1C6u.o(i.H8pMi3qwv4bjkM) referenced from K5172SL1C6u.o(i.liacewwHaifzPti)
 <LI><a href="#[1b]">HardFault_Handler</a> from gr_interrupt.o(.ramfunc) referenced 2 times from gr_soc.o(.data)
 <LI><a href="#[1b]">HardFault_Handler</a> from gr_interrupt.o(.ramfunc) referenced from startup.o(RESET)
 <LI><a href="#[69]">I2C0_IRQHandler</a> from app_i2c.o(.ramfunc) referenced from app_i2c.o(i.app_i2c_init)
 <LI><a href="#[6a]">I2C1_IRQHandler</a> from app_i2c.o(.ramfunc) referenced from app_i2c.o(i.app_i2c_init)
 <LI><a href="#[6b]">I2C2_IRQHandler</a> from app_i2c.o(.ramfunc) referenced from app_i2c.o(i.app_i2c_init)
 <LI><a href="#[6c]">I2C3_IRQHandler</a> from app_i2c.o(.ramfunc) referenced from app_i2c.o(i.app_i2c_init)
 <LI><a href="#[6d]">I2C4_IRQHandler</a> from app_i2c.o(.ramfunc) referenced from app_i2c.o(i.app_i2c_init)
 <LI><a href="#[6e]">I2C5_IRQHandler</a> from app_i2c.o(.ramfunc) referenced from app_i2c.o(i.app_i2c_init)
 <LI><a href="#[ee]">I4CRpyjn6UFn</a> from T834T9nu5p3G37W.o(i.I4CRpyjn6UFn) referenced from F6NPW8P7JMKEbIr.o(.constdata)
 <LI><a href="#[95]">JLb8EcHwHJ7002m8LXHgf5Kge</a> from anccHvM9nXF3Z1m.o(i.JLb8EcHwHJ7002m8LXHgf5Kge) referenced from anccHvM9nXF3Z1m.o(i.liacNwiozPti)
 <LI><a href="#[f1]">LUkrlMugtQK4Yn4dXtp9</a> from g62yChke3h210uWjhp1e1qcU.o(i.LUkrlMugtQK4Yn4dXtp9) referenced from F6NPW8P7JMKEbIr.o(.constdata)
 <LI><a href="#[1c]">MemManage_Handler</a> from gr_interrupt.o(i.MemManage_Handler) referenced 2 times from gr_soc.o(.data)
 <LI><a href="#[1c]">MemManage_Handler</a> from gr_interrupt.o(i.MemManage_Handler) referenced from startup.o(RESET)
 <LI><a href="#[93]">MxaJmbKti5</a> from 8id87Wp.o(i.MxaJmbKti5) referenced from 8id87Wp.o(i.liacKPH)
 <LI><a href="#[1a]">NMI_Handler</a> from startup.o(.text) referenced 2 times from gr_soc.o(.data)
 <LI><a href="#[1a]">NMI_Handler</a> from startup.o(.text) referenced from startup.o(RESET)
 <LI><a href="#[9e]">NrN1P1R37dX2eX0</a> from EV0x1v6X6RFP.o(i.NrN1P1R37dX2eX0) referenced from EV0x1v6X6RFP.o(i.liaczPticadU)
 <LI><a href="#[21]">PendSV_Handler</a> from port.o(.emb_text) referenced 2 times from gr_soc.o(.data)
 <LI><a href="#[21]">PendSV_Handler</a> from port.o(.emb_text) referenced from startup.o(RESET)
 <LI><a href="#[75]">QSPI0_IRQHandler</a> from app_qspi.o(.ramfunc) referenced from app_qspi.o(i.app_qspi_init)
 <LI><a href="#[76]">QSPI1_IRQHandler</a> from app_qspi.o(.ramfunc) referenced from app_qspi.o(i.app_qspi_init)
 <LI><a href="#[77]">QSPI2_IRQHandler</a> from app_qspi.o(.ramfunc) referenced from app_qspi.o(i.app_qspi_init)
 <LI><a href="#[5e]">R4UNTGBX7qdc6g83</a> from HlnJbRFshJch7.o(i.R4UNTGBX7qdc6g83) referenced from HlnJbRFshJch7.o(i.SwyPgIGwcBMcr)
 <LI><a href="#[19]">Reset_Handler</a> from startup.o(.text) referenced 2 times from gr_soc.o(.data)
 <LI><a href="#[19]">Reset_Handler</a> from startup.o(.text) referenced from startup.o(RESET)
 <LI><a href="#[b0]">SLPTIMER_IRQHandler</a> from app_timer.o(i.SLPTIMER_IRQHandler) referenced from app_timer.o(i.sleep_timer_handler_register)
 <LI><a href="#[1f]">SVC_Handler</a> from gr_interrupt.o(.ramfunc) referenced 2 times from gr_soc.o(.data)
 <LI><a href="#[1f]">SVC_Handler</a> from gr_interrupt.o(.ramfunc) referenced from startup.o(RESET)
 <LI><a href="#[22]">SysTick_Handler</a> from startup.o(.text) referenced 2 times from gr_soc.o(.data)
 <LI><a href="#[22]">SysTick_Handler</a> from startup.o(.text) referenced from startup.o(RESET)
 <LI><a href="#[43]">SystemInit</a> from gr_system.o(i.SystemInit) referenced from startup.o(.text)
 <LI><a href="#[78]">UART0_IRQHandler</a> from app_uart.o(i.UART0_IRQHandler) referenced from app_uart.o(i.app_uart_init)
 <LI><a href="#[79]">UART1_IRQHandler</a> from app_uart.o(i.UART1_IRQHandler) referenced from app_uart.o(i.app_uart_init)
 <LI><a href="#[7a]">UART2_IRQHandler</a> from app_uart.o(i.UART2_IRQHandler) referenced from app_uart.o(i.app_uart_init)
 <LI><a href="#[7b]">UART3_IRQHandler</a> from app_uart.o(i.UART3_IRQHandler) referenced from app_uart.o(i.app_uart_init)
 <LI><a href="#[7c]">UART4_IRQHandler</a> from app_uart.o(i.UART4_IRQHandler) referenced from app_uart.o(i.app_uart_init)
 <LI><a href="#[7d]">UART5_IRQHandler</a> from app_uart.o(i.UART5_IRQHandler) referenced from app_uart.o(i.app_uart_init)
 <LI><a href="#[1e]">UsageFault_Handler</a> from gr_interrupt.o(i.UsageFault_Handler) referenced 2 times from gr_soc.o(.data)
 <LI><a href="#[1e]">UsageFault_Handler</a> from gr_interrupt.o(i.UsageFault_Handler) referenced from startup.o(RESET)
 <LI><a href="#[eb]">VwK3TIWNH7e</a> from 9yl3gQD6tb6D9yoJ9.o(i.VwK3TIWNH7e) referenced from F6NPW8P7JMKEbIr.o(.constdata)
 <LI><a href="#[f3]">YB97WyC6KV7QN</a> from 9yl3gQD6tb6D9yoJ9.o(i.YB97WyC6KV7QN) referenced from F6NPW8P7JMKEbIr.o(.constdata)
 <LI><a href="#[96]">_03k64mZIHG9C</a> from FPLo6BmQC2.o(i._03k64mZIHG9C) referenced from FPLo6BmQC2.o(i.liacNwiqtc)
 <LI><a href="#[f2]">_5Spg9O1a0C</a> from T834T9nu5p3G37W.o(i._5Spg9O1a0C) referenced from F6NPW8P7JMKEbIr.o(.constdata)
 <LI><a href="#[97]">_6H2zkpjN</a> from u82Y32.o(i._6H2zkpjN) referenced from u82Y32.o(i.liacXN)
 <LI><a href="#[ef]">_9S9kOdwR1CNdv</a> from 9yl3gQD6tb6D9yoJ9.o(i._9S9kOdwR1CNdv) referenced from F6NPW8P7JMKEbIr.o(.constdata)
 <LI><a href="#[ea]">_Dd2k9G40</a> from T834T9nu5p3G37W.o(i._Dd2k9G40) referenced from F6NPW8P7JMKEbIr.o(.constdata)
 <LI><a href="#[f4]">_LB53u9O9SVVJE</a> from uPM16SPvFXHbBnzHRD.o(i._LB53u9O9SVVJE) referenced from F6NPW8P7JMKEbIr.o(.constdata)
 <LI><a href="#[92]">_TzeqQ65ln</a> from rWl1q2F.o(i._TzeqQ65ln) referenced from rWl1q2F.o(i.liacAEg)
 <LI><a href="#[ec]">_nmlPJjcMHv5</a> from uPM16SPvFXHbBnzHRD.o(i._nmlPJjcMHv5) referenced from F6NPW8P7JMKEbIr.o(.constdata)
 <LI><a href="#[c5]">_norflash_drv_deinit</a> from drv_adapter_port_norflash.o(i._norflash_drv_deinit) referenced from drv_adapter_port_norflash.o(.constdata)
 <LI><a href="#[c9]">_norflash_drv_erase</a> from drv_adapter_port_norflash.o(i._norflash_drv_erase) referenced from drv_adapter_port_norflash.o(.constdata)
 <LI><a href="#[c4]">_norflash_drv_init</a> from drv_adapter_port_norflash.o(i._norflash_drv_init) referenced from drv_adapter_port_norflash.o(.constdata)
 <LI><a href="#[c7]">_norflash_drv_read</a> from drv_adapter_port_norflash.o(i._norflash_drv_read) referenced from drv_adapter_port_norflash.o(.constdata)
 <LI><a href="#[ca]">_norflash_drv_set_mmap_mode</a> from drv_adapter_port_norflash.o(i._norflash_drv_set_mmap_mode) referenced from drv_adapter_port_norflash.o(.constdata)
 <LI><a href="#[cb]">_norflash_drv_sleep</a> from drv_adapter_port_norflash.o(i._norflash_drv_sleep) referenced from drv_adapter_port_norflash.o(.constdata)
 <LI><a href="#[c8]">_norflash_drv_update</a> from drv_adapter_port_norflash.o(i._norflash_drv_update) referenced from drv_adapter_port_norflash.o(.constdata)
 <LI><a href="#[cc]">_norflash_drv_wakeup</a> from drv_adapter_port_norflash.o(i._norflash_drv_wakeup) referenced from drv_adapter_port_norflash.o(.constdata)
 <LI><a href="#[c6]">_norflash_drv_write</a> from drv_adapter_port_norflash.o(i._norflash_drv_write) referenced from drv_adapter_port_norflash.o(.constdata)
 <LI><a href="#[af]">_qspi_norf_callback_handler</a> from qspi_norflash_v2.o(i._qspi_norf_callback_handler) referenced from qspi_norflash_v2.o(i.qspi_norf_init)
 <LI><a href="#[9c]">_sPr5xcm2E</a> from o78h68U.o(i._sPr5xcm2E) referenced from o78h68U.o(i.liacsYYzPti)
 <LI><a href="#[62]">_snputc</a> from printfa.o(i._snputc) referenced from printfa.o(i.__0snprintf)
 <LI><a href="#[62]">_snputc</a> from printfa.o(i._snputc) referenced from printfa.o(i.__0vsnprintf)
 <LI><a href="#[63]">_sputc</a> from printfa.o(i._sputc) referenced from printfa.o(i.__0sprintf)
 <LI><a href="#[63]">_sputc</a> from printfa.o(i._sputc) referenced from printfa.o(i.__0vsprintf)
 <LI><a href="#[23]">app_assert_err_cb</a> from fault_trace.o(.ramfunc) referenced 2 times from app_assert.o(.data)
 <LI><a href="#[24]">app_assert_param_cb</a> from fault_trace.o(.ramfunc) referenced 2 times from app_assert.o(.data)
 <LI><a href="#[25]">app_assert_warn_cb</a> from fault_trace.o(.ramfunc) referenced 2 times from app_assert.o(.data)
 <LI><a href="#[c1]">app_qspi_dma_evt_handler_0</a> from app_graphics_qspi.o(i.app_qspi_dma_evt_handler_0) referenced from app_graphics_qspi.o(.constdata)
 <LI><a href="#[c2]">app_qspi_dma_evt_handler_1</a> from app_graphics_qspi.o(i.app_qspi_dma_evt_handler_1) referenced from app_graphics_qspi.o(.constdata)
 <LI><a href="#[c3]">app_qspi_dma_evt_handler_2</a> from app_graphics_qspi.o(i.app_qspi_dma_evt_handler_2) referenced from app_graphics_qspi.o(.constdata)
 <LI><a href="#[8f]">ble_sdk_common_timeout_handler</a> from rom_symbol.txt(ABSOLUTE) referenced from ble_sdk_task_patch.o(i.host_to_sdk_msg_handler_patch)
 <LI><a href="#[11]">ble_sdk_gattc_extend_prf_cmp_evt_handler_patch</a> from ble_sdk_prf_client_enh_patch.o(i.ble_sdk_gattc_extend_prf_cmp_evt_handler_patch) referenced 2 times from gr_soc.o(.data)
 <LI><a href="#[12]">ble_sdk_gattc_extend_prf_event_ind_handler_patch</a> from ble_sdk_prf_client_enh_patch.o(i.ble_sdk_gattc_extend_prf_event_ind_handler_patch) referenced 2 times from gr_soc.o(.data)
 <LI><a href="#[13]">ble_sdk_gattc_extend_prf_sdp_srvc_ind_handler_patch</a> from ble_sdk_prf_client_enh_patch.o(i.ble_sdk_gattc_extend_prf_sdp_srvc_ind_handler_patch) referenced 2 times from gr_soc.o(.data)
 <LI><a href="#[7f]">bsp_segger_rtt_send</a> from board_sk.o(i.bsp_segger_rtt_send) referenced from board_sk.o(i.bsp_log_init)
 <LI><a href="#[9b]">ddc0vfgkya</a> from o78h68U.o(i.ddc0vfgkya) referenced from o78h68U.o(i.liacsYY)
 <LI><a href="#[81]">delay_us_dwt_patch</a> from gr55xx_delay_patch.o(RAM_CODE) referenced from gr55xx_delay_patch.o(i.delay_function_replace)
 <LI><a href="#[68]">dma_blk_callback</a> from app_dma.o(i.dma_blk_callback) referenced from app_dma.o(i.app_dma_init)
 <LI><a href="#[67]">dma_err_callback</a> from app_dma.o(i.dma_err_callback) referenced from app_dma.o(i.app_dma_init)
 <LI><a href="#[b9]">dma_prepare_for_sleep</a> from app_dma.o(i.dma_prepare_for_sleep) referenced from app_dma.o(.constdata)
 <LI><a href="#[66]">dma_tfr_callback</a> from app_dma.o(i.dma_tfr_callback) referenced from app_dma.o(i.app_dma_init)
 <LI><a href="#[ba]">dma_wake_up_ind</a> from app_dma.o(.ramfunc) referenced from app_dma.o(.constdata)
 <LI><a href="#[45]">ecg_data_handler</a> from main.o(i.ecg_data_handler) referenced from main.o(i.ECG_Init)
 <LI><a href="#[46]">ecg_hr_handler</a> from main.o(i.ecg_hr_handler) referenced from main.o(i.ECG_Init)
 <LI><a href="#[b6]">efuse_init</a> from gr_soc.o(i.efuse_init) referenced from gr_soc.o(.constdata)
 <LI><a href="#[82]">fast_clk_cali_binary_search_fine_code_cb</a> from platform_clock_calib.o(i.fast_clk_cali_binary_search_fine_code_cb) referenced from platform_clock_calib.o(i.fast_clk_cali_binary_search_fine_code_retry)
 <LI><a href="#[82]">fast_clk_cali_binary_search_fine_code_cb</a> from platform_clock_calib.o(i.fast_clk_cali_binary_search_fine_code_cb) referenced from platform_clock_calib.o(i.fast_clk_cali_binary_search_fine_code_start)
 <LI><a href="#[83]">fast_clk_cali_easy_find_coarse_code_cb</a> from platform_clock_calib.o(i.fast_clk_cali_easy_find_coarse_code_cb) referenced from platform_clock_calib.o(i.fast_clk_cali_easy_find_coarse_code_retry)
 <LI><a href="#[84]">fast_clk_cali_easy_find_fine_code_cb</a> from platform_clock_calib.o(i.fast_clk_cali_easy_find_fine_code_cb) referenced from platform_clock_calib.o(i.fast_clk_cali_easy_find_fine_code_retry)
 <LI><a href="#[84]">fast_clk_cali_easy_find_fine_code_cb</a> from platform_clock_calib.o(i.fast_clk_cali_easy_find_fine_code_cb) referenced from platform_clock_calib.o(i.fast_clk_cali_easy_find_fine_code_start)
 <LI><a href="#[b7]">first_class_task</a> from gr_soc.o(i.first_class_task) referenced from gr_soc.o(.constdata)
 <LI><a href="#[88]">fpb_load_state_local</a> from sdk_fpb_mgmt.o(i.fpb_load_state_local) referenced from sdk_fpb_mgmt.o(i.gr5xx_fpb_init)
 <LI><a href="#[89]">fpb_save_state_local</a> from sdk_fpb_mgmt.o(i.fpb_save_state_local) referenced from sdk_fpb_mgmt.o(i.gr5xx_fpb_init)
 <LI><a href="#[61]">fputc</a> from app_log.o(i.fputc) referenced from printfa.o(i.__0printf)
 <LI><a href="#[2]">gap_activity_stopped_ind_handler_patch</a> from ble_sdk_gapm_patch.o(i.gap_activity_stopped_ind_handler_patch) referenced 2 times from gr_soc.o(.data)
 <LI><a href="#[a]">gap_connection_req_ind_handler_patch</a> from ble_sdk_gapc_patch.o(i.gap_connection_req_ind_handler_patch) referenced 2 times from gr_soc.o(.data)
 <LI><a href="#[b]">gap_disconnect_ind_handler_patch</a> from ble_sdk_gapc_patch.o(i.gap_disconnect_ind_handler_patch) referenced 2 times from gr_soc.o(.data)
 <LI><a href="#[4]">gapc_hci_handler_patch</a> from gapc_hci_patch.o(i.gapc_hci_handler_patch) referenced 2 times from gr_soc.o(.data)
 <LI><a href="#[7]">gapm_activity_create_cmd_handler_patch</a> from gapm_actv_patch.o(i.gapm_activity_create_cmd_handler_patch) referenced 2 times from gr_soc.o(.data)
 <LI><a href="#[5]">gapm_hci_handler_patch</a> from gapm_task_patch.o(i.gapm_hci_handler_patch) referenced 2 times from gr_soc.o(.data)
 <LI><a href="#[87]">gapm_per_sync_delete</a> from rom_symbol.txt(ABSOLUTE) referenced from gapm_per_sync_patch.o(i.gapm_per_sync_create_patch)
 <LI><a href="#[85]">gapm_per_sync_start</a> from rom_symbol.txt(ABSOLUTE) referenced from gapm_per_sync_patch.o(i.gapm_per_sync_create_patch)
 <LI><a href="#[86]">gapm_per_sync_stop_patch</a> from gapm_per_sync_patch.o(i.gapm_per_sync_stop_patch) referenced from gapm_per_sync_patch.o(i.gapm_per_sync_create_patch)
 <LI><a href="#[6]">gapm_set_dev_config_cmd_handler_patch</a> from gapm_cfg_patch.o(i.gapm_set_dev_config_cmd_handler_patch) referenced 2 times from gr_soc.o(.data)
 <LI><a href="#[51]">gh3x2x_config_set_start_hook</a> from gh_demo_hook.o(i.gh3x2x_config_set_start_hook) referenced from gh_demo.o(i.Gh3x2xDemoInit)
 <LI><a href="#[50]">gh3x2x_config_set_stop_hook</a> from gh_demo_hook.o(i.gh3x2x_config_set_stop_hook) referenced from gh_demo.o(i.Gh3x2xDemoInit)
 <LI><a href="#[53]">gh3x2x_frame_data_hook_func</a> from gh_demo_hook.o(i.gh3x2x_frame_data_hook_func) referenced from gh_demo.o(i.Gh3x2xDemoInit)
 <LI><a href="#[54]">gh3x2x_get_rawdata_hook_func</a> from gh_demo_hook.o(i.gh3x2x_get_rawdata_hook_func) referenced from gh_demo.o(i.Gh3x2xDemoInit)
 <LI><a href="#[57]">gh3x2x_init_hook_func</a> from gh_demo_hook.o(i.gh3x2x_init_hook_func) referenced from gh_demo.o(i.Gh3x2xDemoInit)
 <LI><a href="#[26]">gh3x2x_int_callback</a> from gh_demo_user.o(i.gh3x2x_int_callback) referenced 2 times from gh_demo_user.o(.data)
 <LI><a href="#[52]">gh3x2x_reset_by_protocol_hook</a> from gh_demo_hook.o(i.gh3x2x_reset_by_protocol_hook) referenced from gh_demo.o(i.Gh3x2xDemoInit)
 <LI><a href="#[56]">gh3x2x_sampling_start_hook_func</a> from gh_demo_hook.o(i.gh3x2x_sampling_start_hook_func) referenced from gh_demo.o(i.Gh3x2xDemoInit)
 <LI><a href="#[55]">gh3x2x_sampling_stop_hook_func</a> from gh_demo_hook.o(i.gh3x2x_sampling_stop_hook_func) referenced from gh_demo.o(i.Gh3x2xDemoInit)
 <LI><a href="#[4f]">gh3x2x_write_algo_config_hook</a> from gh_demo_hook.o(i.gh3x2x_write_algo_config_hook) referenced from gh_demo.o(i.Gh3x2xDemoInit)
 <LI><a href="#[42]">gr5xx_svc_process</a> from svc_handler.o(RAM_CODE) referenced from gr_interrupt.o(.ramfunc)
 <LI><a href="#[28]">hal_aon_gpio_callback</a> from app_io.o(i.hal_aon_gpio_callback) referenced 2 times from gr55xx_hal_aon_gpio.o(.data)
 <LI><a href="#[b1]">hal_clock_release_xo_osc_patch</a> from gr55xx_hal_clock_patch.o(i.hal_clock_release_xo_osc_patch) referenced from gr55xx_hal_clock_patch.o(i.sys_xo_hf_clock_switch_enable)
 <LI><a href="#[b2]">hal_clock_request_xo_osc_ori</a> from rom_symbol.txt(ABSOLUTE) referenced from gr55xx_hal_clock_patch.o(i.sys_xo_hf_clock_switch_enable)
 <LI><a href="#[8b]">hal_dma_resume_handle</a> from gr55xx_hal_dma_patch.o(i.hal_dma_resume_handle) referenced from gr55xx_hal_dma_patch.o(i.hal_dma_init)
 <LI><a href="#[ad]">hal_exflash_enable_quad_patch</a> from gr55xx_hal_exflash_patch.o(RAM_CODE) referenced from gr55xx_hal_exflash_patch.o(i.platform_xqspi_env_init)
 <LI><a href="#[ac]">hal_exflash_init_patch</a> from gr55xx_hal_exflash_patch.o(RAM_CODE) referenced from gr55xx_hal_exflash_patch.o(i.platform_xqspi_env_init)
 <LI><a href="#[4d]">hal_gh3x2x_i2c_read</a> from gh_demo_user.o(i.hal_gh3x2x_i2c_read) referenced from gh_demo.o(i.Gh3x2xDemoInit)
 <LI><a href="#[4e]">hal_gh3x2x_i2c_write</a> from gh_demo_user.o(i.hal_gh3x2x_i2c_write) referenced from gh_demo.o(i.Gh3x2xDemoInit)
 <LI><a href="#[29]">hal_gpio_exti_callback</a> from app_io.o(i.hal_gpio_exti_callback) referenced 2 times from gr55xx_hal_gpio.o(.data)
 <LI><a href="#[31]">hal_i2c_abort_cplt_callback</a> from app_i2c.o(i.hal_i2c_abort_cplt_callback) referenced 2 times from gr55xx_hal_i2c.o(.data)
 <LI><a href="#[30]">hal_i2c_error_callback</a> from app_i2c.o(i.hal_i2c_error_callback) referenced 2 times from gr55xx_hal_i2c.o(.data)
 <LI><a href="#[2d]">hal_i2c_master_rx_cplt_callback</a> from app_i2c.o(i.hal_i2c_master_rx_cplt_callback) referenced 2 times from gr55xx_hal_i2c.o(.data)
 <LI><a href="#[2c]">hal_i2c_master_tx_cplt_callback</a> from app_i2c.o(i.hal_i2c_master_tx_cplt_callback) referenced 2 times from gr55xx_hal_i2c.o(.data)
 <LI><a href="#[2b]">hal_i2c_msp_deinit</a> from gr55xx_hal_i2c.o(i.hal_i2c_msp_deinit) referenced 2 times from gr55xx_hal_i2c.o(.data)
 <LI><a href="#[2a]">hal_i2c_msp_init</a> from gr55xx_hal_i2c.o(i.hal_i2c_msp_init) referenced 2 times from gr55xx_hal_i2c.o(.data)
 <LI><a href="#[8c]">hal_i2c_resume_reg</a> from gr55xx_hal_i2c_patch.o(i.hal_i2c_resume_reg) referenced from gr55xx_hal_i2c_patch.o(i.hal_i2c_init_ext)
 <LI><a href="#[2f]">hal_i2c_slave_rx_cplt_callback</a> from app_i2c.o(i.hal_i2c_slave_rx_cplt_callback) referenced 2 times from gr55xx_hal_i2c.o(.data)
 <LI><a href="#[2e]">hal_i2c_slave_tx_cplt_callback</a> from app_i2c.o(i.hal_i2c_slave_tx_cplt_callback) referenced 2 times from gr55xx_hal_i2c.o(.data)
 <LI><a href="#[91]">hal_i2c_suspend_reg</a> from gr55xx_hal_i2c_patch.o(i.hal_i2c_suspend_reg) referenced from gr55xx_hal_i2c_patch.o(i.i2c_updata_suspend_cb_local)
 <LI><a href="#[32]">hal_msio_exti_callback</a> from gr55xx_hal_msio.o(i.hal_msio_exti_callback) referenced 2 times from gr55xx_hal_msio.o(.data)
 <LI><a href="#[8d]">hal_pwr_sleep_timer_elapsed_callback</a> from app_timer.o(i.hal_pwr_sleep_timer_elapsed_callback) referenced from gr55xx_hal_pwr.o(i.hal_sleep_timer_config_and_start)
 <LI><a href="#[36]">hal_qspi_abort_cplt_callback</a> from app_qspi.o(i.hal_qspi_abort_cplt_callback) referenced 2 times from gr55xx_hal_qspi.o(.data)
 <LI><a href="#[35]">hal_qspi_error_callback</a> from app_qspi.o(i.hal_qspi_error_callback) referenced 2 times from gr55xx_hal_qspi.o(.data)
 <LI><a href="#[34]">hal_qspi_msp_deinit</a> from gr55xx_hal_qspi.o(i.hal_qspi_msp_deinit) referenced 2 times from gr55xx_hal_qspi.o(.data)
 <LI><a href="#[33]">hal_qspi_msp_init</a> from gr55xx_hal_qspi.o(i.hal_qspi_msp_init) referenced 2 times from gr55xx_hal_qspi.o(.data)
 <LI><a href="#[37]">hal_qspi_rx_cplt_callback</a> from app_qspi.o(i.hal_qspi_rx_cplt_callback) referenced 2 times from gr55xx_hal_qspi.o(.data)
 <LI><a href="#[38]">hal_qspi_tx_cplt_callback</a> from app_qspi.o(i.hal_qspi_tx_cplt_callback) referenced 2 times from gr55xx_hal_qspi.o(.data)
 <LI><a href="#[3e]">hal_uart_abort_cplt_callback</a> from app_uart.o(i.hal_uart_abort_cplt_callback) referenced 2 times from gr55xx_hal_uart.o(.data)
 <LI><a href="#[40]">hal_uart_abort_rx_cplt_callback</a> from app_uart.o(i.hal_uart_abort_rx_cplt_callback) referenced 2 times from gr55xx_hal_uart.o(.data)
 <LI><a href="#[3f]">hal_uart_abort_tx_cplt_callback</a> from app_uart.o(i.hal_uart_abort_tx_cplt_callback) referenced 2 times from gr55xx_hal_uart.o(.data)
 <LI><a href="#[3d]">hal_uart_error_callback</a> from app_uart.o(i.hal_uart_error_callback) referenced 2 times from gr55xx_hal_uart.o(.data)
 <LI><a href="#[3a]">hal_uart_msp_deinit</a> from gr55xx_hal_uart.o(i.hal_uart_msp_deinit) referenced 2 times from gr55xx_hal_uart.o(.data)
 <LI><a href="#[39]">hal_uart_msp_init</a> from gr55xx_hal_uart.o(i.hal_uart_msp_init) referenced 2 times from gr55xx_hal_uart.o(.data)
 <LI><a href="#[3c]">hal_uart_rx_cplt_callback</a> from app_uart.o(i.hal_uart_rx_cplt_callback) referenced 2 times from gr55xx_hal_uart.o(.data)
 <LI><a href="#[3b]">hal_uart_tx_cplt_callback</a> from app_uart.o(i.hal_uart_tx_cplt_callback) referenced 2 times from gr55xx_hal_uart.o(.data)
 <LI><a href="#[14]">hci_le_add_dev_to_rslv_list_cmd_handler_patch</a> from llm_hci_patch.o(i.hci_le_add_dev_to_rslv_list_cmd_handler_patch) referenced 2 times from gr_soc.o(.data)
 <LI><a href="#[16]">hci_le_clear_rslv_list_cmd_handler_patch</a> from llm_hci_patch.o(i.hci_le_clear_rslv_list_cmd_handler_patch) referenced 2 times from gr_soc.o(.data)
 <LI><a href="#[15]">hci_le_rmv_dev_from_rslv_list_cmd_handler_patch</a> from llm_hci_patch.o(i.hci_le_rmv_dev_from_rslv_list_cmd_handler_patch) referenced 2 times from gr_soc.o(.data)
 <LI><a href="#[17]">hci_le_set_addr_resol_en_cmd_handler_patch</a> from llm_hci_patch.o(i.hci_le_set_addr_resol_en_cmd_handler_patch) referenced 2 times from gr_soc.o(.data)
 <LI><a href="#[18]">hci_le_set_priv_mode_cmd_handler_patch</a> from llm_hci_patch.o(i.hci_le_set_priv_mode_cmd_handler_patch) referenced 2 times from gr_soc.o(.data)
 <LI><a href="#[1]">host_to_sdk_msg_handler_patch</a> from ble_sdk_task_patch.o(i.host_to_sdk_msg_handler_patch) referenced 2 times from gr_soc.o(.data)
 <LI><a href="#[90]">i2c_dma_abort</a> from gr55xx_hal_i2c_patch.o(i.i2c_dma_abort) referenced from gr55xx_hal_i2c_patch.o(i.i2c_it_error)
 <LI><a href="#[bf]">i2c_prepare_for_sleep</a> from app_i2c.o(i.i2c_prepare_for_sleep) referenced from app_i2c.o(.constdata)
 <LI><a href="#[27]">i2c_updata_suspend_cb_local</a> from gr55xx_hal_i2c_patch.o(i.i2c_updata_suspend_cb_local) referenced 2 times from gr55xx_hal_i2c_patch.o(.data)
 <LI><a href="#[c0]">i2c_wake_up_ind</a> from app_i2c.o(.ramfunc) referenced from app_i2c.o(.constdata)
 <LI><a href="#[98]">j23zu8NUEW81fo</a> from K5172SL1C6u.o(i.j23zu8NUEW81fo) referenced from K5172SL1C6u.o(i.liacewwHaif)
 <LI><a href="#[9a]">kzk84HpK5ctU2b2h5</a> from HLkiB0d3VLyn7Q.o(i.kzk84HpK5ctU2b2h5) referenced from HLkiB0d3VLyn7Q.o(i.liacjUBPticadU)
 <LI><a href="#[10]">l2cc_lecb_sdu_recv_ind_handler_patch</a> from gattc_task_patch.o(i.l2cc_lecb_sdu_recv_ind_handler_patch) referenced 2 times from gr_soc.o(.data)
 <LI><a href="#[ab]">ll_xqspi_init_patch</a> from gr55xx_ll_xqspi_patch.o(RAM_CODE) referenced from gr55xx_hal_exflash_patch.o(i.platform_xqspi_env_init)
 <LI><a href="#[9f]">llc_ch_class_en_proc_err_cb_patch</a> from llc_ch_class_patch.o(i.llc_ch_class_en_proc_err_cb_patch) referenced from llc_ch_class_patch.o(i.llc_op_ch_class_en_ind_handler_patch)
 <LI><a href="#[a0]">llc_ch_class_rep_proc_err_cb_patch</a> from llc_ch_class_patch.o(i.llc_ch_class_rep_proc_err_cb_patch) referenced from llc_ch_class_patch.o(i.llc_op_ch_class_rep_ind_handler_patch)
 <LI><a href="#[a1]">llc_ll_start_enc_rsp_ack_handler</a> from rom_symbol.txt(ABSOLUTE) referenced from llc_encrypt_patch.o(i.llc_rem_wait_start_enc_rsp_patch)
 <LI><a href="#[e]">llc_op_ch_class_en_ind_handler_patch</a> from llc_ch_class_patch.o(i.llc_op_ch_class_en_ind_handler_patch) referenced 2 times from gr_soc.o(.data)
 <LI><a href="#[f]">llc_op_ch_class_rep_ind_handler_patch</a> from llc_ch_class_patch.o(i.llc_op_ch_class_rep_ind_handler_patch) referenced 2 times from gr_soc.o(.data)
 <LI><a href="#[c]">llc_op_dl_upd_ind_handler_patch</a> from llc_dl_upd_patch.o(i.llc_op_dl_upd_ind_handler_patch) referenced 2 times from gr_soc.o(.data)
 <LI><a href="#[b3]">llc_rem_encrypt_proc_continue_patch</a> from llc_encrypt_patch.o(i.llc_rem_encrypt_proc_continue_patch) referenced from fpb_patch_init.o(i.system_driver_patch_enable)
 <LI><a href="#[d]">lld_llcp_rx_ind_handler_patch</a> from llc_llcp_patch.o(i.lld_llcp_rx_ind_handler_patch) referenced 2 times from gr_soc.o(.data)
 <LI><a href="#[3]">llm_hci_command_handler_patch</a> from llm_hci_patch.o(i.llm_hci_command_handler_patch) referenced 2 times from gr_soc.o(.data)
 <LI><a href="#[41]">main</a> from main.o(i.main) referenced from entry9a.o(.ARM.Collect$$$$0000000B)
 <LI><a href="#[44]">main_init</a> from gr_platform.o(i.main_init) referenced from startup.o(.text)
 <LI><a href="#[a2]">nvds_init_replace</a> from sdk_nvds_patch.o(i.nvds_init_replace) referenced from sdk_nvds_patch.o(i.nvds_replace)
 <LI><a href="#[a3]">nvds_put_replace</a> from sdk_nvds_patch.o(i.nvds_put_replace) referenced from sdk_nvds_patch.o(i.nvds_replace)
 <LI><a href="#[94]">p8qVv88A9S4U3Z4wn3RA2QhId</a> from anccHvM9nXF3Z1m.o(i.p8qVv88A9S4U3Z4wn3RA2QhId) referenced from anccHvM9nXF3Z1m.o(i.liacNwio)
 <LI><a href="#[b5]">patch_init</a> from gr_soc.o(i.patch_init) referenced from gr_soc.o(.constdata)
 <LI><a href="#[b4]">pmu_timer_handler</a> from pmu_calibration.o(i.pmu_timer_handler) referenced from pmu_calibration.o(i.pmu_timer_handler)
 <LI><a href="#[b4]">pmu_timer_handler</a> from pmu_calibration.o(i.pmu_timer_handler) referenced from pmu_calibration.o(i.system_pmu_calibration_init)
 <LI><a href="#[74]">pwr_enter_sleep_check_new</a> from app_pwr_mgmt.o(i.pwr_enter_sleep_check_new) referenced from app_pwr_mgmt.o(i.app_pwr_mgmt_init)
 <LI><a href="#[ae]">pwr_mgmt_shutdown_local_patch</a> from sdk_pwr_mgmt_patch.o(RAM_CODE) referenced from sdk_pwr_mgmt_patch.o(i.pwr_mgmt_shutdown_replace)
 <LI><a href="#[73]">pwr_wake_up_ind_new</a> from app_pwr_mgmt.o(.ramfunc) referenced from app_pwr_mgmt.o(i.app_pwr_mgmt_init)
 <LI><a href="#[bd]">qspi_prepare_for_sleep</a> from app_qspi.o(i.qspi_prepare_for_sleep) referenced from app_qspi.o(.constdata)
 <LI><a href="#[be]">qspi_wake_up_ind</a> from app_qspi.o(.ramfunc) referenced from app_qspi.o(.constdata)
 <LI><a href="#[f5]">sWLMuXB2JA9XO85136z</a> from g62yChke3h210uWjhp1e1qcU.o(i.sWLMuXB2JA9XO85136z) referenced from F6NPW8P7JMKEbIr.o(.constdata)
 <LI><a href="#[9]">sec_rcv_bond_req_ind_handler_patch</a> from ble_sdk_sec_patch.o(i.sec_rcv_bond_req_ind_handler_patch) referenced 2 times from gr_soc.o(.data)
 <LI><a href="#[8]">sec_rcv_encrypt_req_ind_handler_patch</a> from ble_sdk_sec_patch.o(i.sec_rcv_encrypt_req_ind_handler_patch) referenced 2 times from gr_soc.o(.data)
 <LI><a href="#[b8]">second_class_task</a> from gr_soc.o(i.second_class_task) referenced from gr_soc.o(.constdata)
 <LI><a href="#[4c]">snprintf</a> from printfa.o(i.__0snprintf) referenced from gh_demo.o(i.Gh3x2xDemoInit)
 <LI><a href="#[a7]">sys_context_restore_func</a> from platform_sys_context.o(RAM_CODE) referenced from platform_sdk.o(i.platform_sdk_init)
 <LI><a href="#[a6]">sys_context_save_func</a> from platform_sys_context.o(RAM_CODE) referenced from platform_sdk.o(i.platform_sdk_init)
 <LI><a href="#[a9]">sys_context_srpg_restore_func</a> from platform_sys_context.o(RAM_CODE) referenced from platform_sdk.o(i.platform_sdk_init)
 <LI><a href="#[a8]">sys_context_srpg_save_func</a> from platform_sys_context.o(RAM_CODE) referenced from platform_sdk.o(i.platform_sdk_init)
 <LI><a href="#[f6]">system_platform_init</a> from gr_platform.o(i.system_platform_init) referenced from gr_platform.o(.init_array)
 <LI><a href="#[f0]">tP8SIl3i94Yt538</a> from uPM16SPvFXHbBnzHRD.o(i.tP8SIl3i94Yt538) referenced from F6NPW8P7JMKEbIr.o(.constdata)
 <LI><a href="#[8e]">uart_dma_abort_on_error</a> from rom_symbol.txt(ABSOLUTE) referenced from gr55xx_hal_uart_patch.o(i.hal_uart_irq_handler)
 <LI><a href="#[bb]">uart_prepare_for_sleep</a> from app_uart.o(i.uart_prepare_for_sleep) referenced from app_uart.o(.constdata)
 <LI><a href="#[bc]">uart_wake_up_ind</a> from app_uart.o(.ramfunc) referenced from app_uart.o(.constdata)
 <LI><a href="#[8a]">warm_boot_clock_init</a> from gr55xx_hal_clock_patch.o(RAM_CODE) referenced from gr55xx_hal_clock_patch.o(i.hal_clock_function_replace)
 <LI><a href="#[aa]">warm_boot_second</a> from platform_sdk.o(RAM_CODE) referenced from platform_sdk.o(i.platform_sdk_init)
 <LI><a href="#[5f]">wifi_uart_callback</a> from wifi.o(i.wifi_uart_callback) referenced from wifi.o(i.UART_Init)
 <LI><a href="#[ed]">y0564A6evW6cro1Vv</a> from g62yChke3h210uWjhp1e1qcU.o(i.y0564A6evW6cro1Vv) referenced from F6NPW8P7JMKEbIr.o(.constdata)
</UL>
<P>
<H3>
Global Symbols
</H3>
<P><STRONG><a name="[6a2]"></a>restore_sys_context</STRONG> (Thumb, 0 bytes, Stack size 0 bytes, rom_symbol.txt(ABSOLUTE))
<BR><BR>[Called By]<UL><LI><a href="#[ae]">&gt;&gt;</a>&nbsp;&nbsp;&nbsp;pwr_mgmt_shutdown_local_patch
</UL>

<P><STRONG><a name="[5cb]"></a>assert_param</STRONG> (Thumb, 0 bytes, Stack size 0 bytes, rom_symbol.txt(ABSOLUTE))
<BR><BR>[Called By]<UL><LI><a href="#[d]">&gt;&gt;</a>&nbsp;&nbsp;&nbsp;lld_llcp_rx_ind_handler_patch
<LI><a href="#[a0]">&gt;&gt;</a>&nbsp;&nbsp;&nbsp;llc_ch_class_rep_proc_err_cb_patch
<LI><a href="#[9f]">&gt;&gt;</a>&nbsp;&nbsp;&nbsp;llc_ch_class_en_proc_err_cb_patch
<LI><a href="#[b3]">&gt;&gt;</a>&nbsp;&nbsp;&nbsp;llc_rem_encrypt_proc_continue_patch
</UL>

<P><STRONG><a name="[507]"></a>attmdb_destroy</STRONG> (Thumb, 0 bytes, Stack size 0 bytes, rom_symbol.txt(ABSOLUTE))
<BR><BR>[Called By]<UL><LI><a href="#[6]">&gt;&gt;</a>&nbsp;&nbsp;&nbsp;gapm_set_dev_config_cmd_handler_patch
</UL>

<P><STRONG><a name="[5e9]"></a>ble_util_buf_rx_free</STRONG> (Thumb, 0 bytes, Stack size 0 bytes, rom_symbol.txt(ABSOLUTE))
<BR><BR>[Called By]<UL><LI><a href="#[d]">&gt;&gt;</a>&nbsp;&nbsp;&nbsp;lld_llcp_rx_ind_handler_patch
</UL>

<P><STRONG><a name="[6b1]"></a>blecore_register_settings_reload</STRONG> (Thumb, 0 bytes, Stack size 0 bytes, rom_symbol.txt(ABSOLUTE), UNUSED)
<BR><BR>[Called By]<UL><LI><a href="#[6ae]">&gt;&gt;</a>&nbsp;&nbsp;&nbsp;ble_pwr_on_wakeup_reset_core
</UL>

<P><STRONG><a name="[5e7]"></a>co_util_unpack</STRONG> (Thumb, 0 bytes, Stack size 0 bytes, rom_symbol.txt(ABSOLUTE))
<BR><BR>[Called By]<UL><LI><a href="#[d]">&gt;&gt;</a>&nbsp;&nbsp;&nbsp;lld_llcp_rx_ind_handler_patch
</UL>

<P><STRONG><a name="[5e4]"></a>dbg_is_tst_pt_en</STRONG> (Thumb, 0 bytes, Stack size 0 bytes, rom_symbol.txt(ABSOLUTE))
<BR><BR>[Called By]<UL><LI><a href="#[d]">&gt;&gt;</a>&nbsp;&nbsp;&nbsp;lld_llcp_rx_ind_handler_patch
</UL>

<P><STRONG><a name="[158]"></a>delay_ms</STRONG> (Thumb, 0 bytes, Stack size 0 bytes, rom_symbol.txt(ABSOLUTE))
<BR><BR>[Called By]<UL><LI><a href="#[153]">&gt;&gt;</a>&nbsp;&nbsp;&nbsp;ECG_Init
<LI><a href="#[157]">&gt;&gt;</a>&nbsp;&nbsp;&nbsp;app_ecg_init
<LI><a href="#[24c]">&gt;&gt;</a>&nbsp;&nbsp;&nbsp;Gh3x2x_BspDelayMs
<LI><a href="#[663]">&gt;&gt;</a>&nbsp;&nbsp;&nbsp;sys_pmu_ddvs_initial_dcore_train
</UL>

<P><STRONG><a name="[292]"></a>delay_us</STRONG> (Thumb, 0 bytes, Stack size 0 bytes, rom_symbol.txt(ABSOLUTE))
<BR><BR>[Called By]<UL><LI><a href="#[3a7]">&gt;&gt;</a>&nbsp;&nbsp;&nbsp;app_qspi_force_cs
<LI><a href="#[449]">&gt;&gt;</a>&nbsp;&nbsp;&nbsp;low_level_timer_stop
<LI><a href="#[44c]">&gt;&gt;</a>&nbsp;&nbsp;&nbsp;low_level_timer_startup
<LI><a href="#[58]">&gt;&gt;</a>&nbsp;&nbsp;&nbsp;Gh3x2x_BspDelayUs
<LI><a href="#[3a1]">&gt;&gt;</a>&nbsp;&nbsp;&nbsp;_adc_try_set_clock
<LI><a href="#[3a2]">&gt;&gt;</a>&nbsp;&nbsp;&nbsp;_adc_lock_and_save
<LI><a href="#[3a0]">&gt;&gt;</a>&nbsp;&nbsp;&nbsp;_adc_conversion
<LI><a href="#[471]">&gt;&gt;</a>&nbsp;&nbsp;&nbsp;boot_clock_calib_start
<LI><a href="#[617]">&gt;&gt;</a>&nbsp;&nbsp;&nbsp;platform_set_ble_clk
<LI><a href="#[619]">&gt;&gt;</a>&nbsp;&nbsp;&nbsp;platform_idle_clock_turn_off
<LI><a href="#[ac]">&gt;&gt;</a>&nbsp;&nbsp;&nbsp;hal_exflash_init_patch
<LI><a href="#[61e]">&gt;&gt;</a>&nbsp;&nbsp;&nbsp;system_low_power_set
<LI><a href="#[662]">&gt;&gt;</a>&nbsp;&nbsp;&nbsp;sys_pmu_ddvs_ringo_cnt_get
<LI><a href="#[3e5]">&gt;&gt;</a>&nbsp;&nbsp;&nbsp;mem_retention_voltage_set
<LI><a href="#[148]">&gt;&gt;</a>&nbsp;&nbsp;&nbsp;cpll_reset
<LI><a href="#[6ae]">&gt;&gt;</a>&nbsp;&nbsp;&nbsp;ble_pwr_on_wakeup_reset_core
<LI><a href="#[6ac]">&gt;&gt;</a>&nbsp;&nbsp;&nbsp;pwr_mgmt_ultra_sleep
<LI><a href="#[ae]">&gt;&gt;</a>&nbsp;&nbsp;&nbsp;pwr_mgmt_shutdown_local_patch
<LI><a href="#[b3]">&gt;&gt;</a>&nbsp;&nbsp;&nbsp;llc_rem_encrypt_proc_continue_patch
</UL>

<P><STRONG><a name="[55b]"></a>dma_get_dev_num</STRONG> (Thumb, 0 bytes, Stack size 0 bytes, rom_symbol.txt(ABSOLUTE))
<BR><BR>[Called By]<UL><LI><a href="#[3eb]">&gt;&gt;</a>&nbsp;&nbsp;&nbsp;hal_dma_deinit
</UL>

<P><STRONG><a name="[55d]"></a>dma_resume_before_using</STRONG> (Thumb, 0 bytes, Stack size 0 bytes, rom_symbol.txt(ABSOLUTE))
<BR><BR>[Called By]<UL><LI><a href="#[3f1]">&gt;&gt;</a>&nbsp;&nbsp;&nbsp;hal_dma_init
<LI><a href="#[3eb]">&gt;&gt;</a>&nbsp;&nbsp;&nbsp;hal_dma_deinit
</UL>

<P><STRONG><a name="[559]"></a>dma_set_device_state</STRONG> (Thumb, 0 bytes, Stack size 0 bytes, rom_symbol.txt(ABSOLUTE))
<BR><BR>[Called By]<UL><LI><a href="#[3f1]">&gt;&gt;</a>&nbsp;&nbsp;&nbsp;hal_dma_init
<LI><a href="#[3eb]">&gt;&gt;</a>&nbsp;&nbsp;&nbsp;hal_dma_deinit
</UL>

<P><STRONG><a name="[558]"></a>dma_set_renew_flag</STRONG> (Thumb, 0 bytes, Stack size 0 bytes, rom_symbol.txt(ABSOLUTE))
<BR><BR>[Called By]<UL><LI><a href="#[3f1]">&gt;&gt;</a>&nbsp;&nbsp;&nbsp;hal_dma_init
<LI><a href="#[3eb]">&gt;&gt;</a>&nbsp;&nbsp;&nbsp;hal_dma_deinit
</UL>

<P><STRONG><a name="[55a]"></a>dma_updata_suspend_cb</STRONG> (Thumb, 0 bytes, Stack size 0 bytes, rom_symbol.txt(ABSOLUTE))
<BR><BR>[Called By]<UL><LI><a href="#[3f1]">&gt;&gt;</a>&nbsp;&nbsp;&nbsp;hal_dma_init
<LI><a href="#[3eb]">&gt;&gt;</a>&nbsp;&nbsp;&nbsp;hal_dma_deinit
</UL>

<P><STRONG><a name="[5c3]"></a>eatt_chan_rx_credit_add</STRONG> (Thumb, 0 bytes, Stack size 0 bytes, rom_symbol.txt(ABSOLUTE))
<BR><BR>[Called By]<UL><LI><a href="#[10]">&gt;&gt;</a>&nbsp;&nbsp;&nbsp;l2cc_lecb_sdu_recv_ind_handler_patch
</UL>

<P><STRONG><a name="[693]"></a>exflash_check_id</STRONG> (Thumb, 0 bytes, Stack size 0 bytes, rom_symbol.txt(ABSOLUTE))
<BR><BR>[Called By]<UL><LI><a href="#[ac]">&gt;&gt;</a>&nbsp;&nbsp;&nbsp;hal_exflash_init_patch
</UL>

<P><STRONG><a name="[692]"></a>exflash_wakeup</STRONG> (Thumb, 0 bytes, Stack size 0 bytes, rom_symbol.txt(ABSOLUTE))
<BR><BR>[Called By]<UL><LI><a href="#[ac]">&gt;&gt;</a>&nbsp;&nbsp;&nbsp;hal_exflash_init_patch
</UL>

<P><STRONG><a name="[690]"></a>exflash_write_status</STRONG> (Thumb, 0 bytes, Stack size 0 bytes, rom_symbol.txt(ABSOLUTE))
<BR><BR>[Called By]<UL><LI><a href="#[697]">&gt;&gt;</a>&nbsp;&nbsp;&nbsp;hal_exflash_write_status_reg
<LI><a href="#[68e]">&gt;&gt;</a>&nbsp;&nbsp;&nbsp;exflash_enable_quad_patch
</UL>

<P><STRONG><a name="[6c5]"></a>force_dpad_le_high</STRONG> (Thumb, 0 bytes, Stack size 0 bytes, rom_symbol.txt(ABSOLUTE))
<BR><BR>[Called By]<UL><LI><a href="#[a9]">&gt;&gt;</a>&nbsp;&nbsp;&nbsp;sys_context_srpg_restore_func
<LI><a href="#[a7]">&gt;&gt;</a>&nbsp;&nbsp;&nbsp;sys_context_restore_func
</UL>

<P><STRONG><a name="[504]"></a>gapc_get_conhdl</STRONG> (Thumb, 0 bytes, Stack size 0 bytes, rom_symbol.txt(ABSOLUTE))
<BR><BR>[Called By]<UL><LI><a href="#[86]">&gt;&gt;</a>&nbsp;&nbsp;&nbsp;gapm_per_sync_stop_patch
</UL>

<P><STRONG><a name="[598]"></a>gapc_get_dest_task</STRONG> (Thumb, 0 bytes, Stack size 0 bytes, rom_symbol.txt(ABSOLUTE))
<BR><BR>[Called By]<UL><LI><a href="#[4f6]">&gt;&gt;</a>&nbsp;&nbsp;&nbsp;hci_disc_cmp_evt_handler_patch
</UL>

<P><STRONG><a name="[599]"></a>gapc_send_disconect_ind</STRONG> (Thumb, 0 bytes, Stack size 0 bytes, rom_symbol.txt(ABSOLUTE))
<BR><BR>[Called By]<UL><LI><a href="#[4f6]">&gt;&gt;</a>&nbsp;&nbsp;&nbsp;hci_disc_cmp_evt_handler_patch
</UL>

<P><STRONG><a name="[59a]"></a>gapc_send_error_evt</STRONG> (Thumb, 0 bytes, Stack size 0 bytes, rom_symbol.txt(ABSOLUTE))
<BR><BR>[Called By]<UL><LI><a href="#[4f6]">&gt;&gt;</a>&nbsp;&nbsp;&nbsp;hci_disc_cmp_evt_handler_patch
</UL>

<P><STRONG><a name="[4ff]"></a>gapm_actv_alloc</STRONG> (Thumb, 0 bytes, Stack size 0 bytes, rom_symbol.txt(ABSOLUTE))
<BR><BR>[Called By]<UL><LI><a href="#[4fc]">&gt;&gt;</a>&nbsp;&nbsp;&nbsp;gapm_per_sync_create_patch
</UL>

<P><STRONG><a name="[4f8]"></a>gapm_actv_check_create_param</STRONG> (Thumb, 0 bytes, Stack size 0 bytes, rom_symbol.txt(ABSOLUTE))
<BR><BR>[Called By]<UL><LI><a href="#[7]">&gt;&gt;</a>&nbsp;&nbsp;&nbsp;gapm_activity_create_cmd_handler_patch
</UL>

<P><STRONG><a name="[501]"></a>gapm_actv_created</STRONG> (Thumb, 0 bytes, Stack size 0 bytes, rom_symbol.txt(ABSOLUTE))
<BR><BR>[Called By]<UL><LI><a href="#[4fc]">&gt;&gt;</a>&nbsp;&nbsp;&nbsp;gapm_per_sync_create_patch
</UL>

<P><STRONG><a name="[4f9]"></a>gapm_actv_get_free_idx</STRONG> (Thumb, 0 bytes, Stack size 0 bytes, rom_symbol.txt(ABSOLUTE))
<BR><BR>[Called By]<UL><LI><a href="#[7]">&gt;&gt;</a>&nbsp;&nbsp;&nbsp;gapm_activity_create_cmd_handler_patch
</UL>

<P><STRONG><a name="[4fa]"></a>gapm_adv_create</STRONG> (Thumb, 0 bytes, Stack size 0 bytes, rom_symbol.txt(ABSOLUTE))
<BR><BR>[Called By]<UL><LI><a href="#[7]">&gt;&gt;</a>&nbsp;&nbsp;&nbsp;gapm_activity_create_cmd_handler_patch
</UL>

<P><STRONG><a name="[59b]"></a>gapm_con_cleanup</STRONG> (Thumb, 0 bytes, Stack size 0 bytes, rom_symbol.txt(ABSOLUTE))
<BR><BR>[Called By]<UL><LI><a href="#[4f6]">&gt;&gt;</a>&nbsp;&nbsp;&nbsp;hci_disc_cmp_evt_handler_patch
</UL>

<P><STRONG><a name="[506]"></a>gapm_dle_val_check</STRONG> (Thumb, 0 bytes, Stack size 0 bytes, rom_symbol.txt(ABSOLUTE))
<BR><BR>[Called By]<UL><LI><a href="#[6]">&gt;&gt;</a>&nbsp;&nbsp;&nbsp;gapm_set_dev_config_cmd_handler_patch
</UL>

<P><STRONG><a name="[500]"></a>gapm_get_requester</STRONG> (Thumb, 0 bytes, Stack size 0 bytes, rom_symbol.txt(ABSOLUTE))
<BR><BR>[Called By]<UL><LI><a href="#[4fc]">&gt;&gt;</a>&nbsp;&nbsp;&nbsp;gapm_per_sync_create_patch
</UL>

<P><STRONG><a name="[4fd]"></a>gapm_init_create</STRONG> (Thumb, 0 bytes, Stack size 0 bytes, rom_symbol.txt(ABSOLUTE))
<BR><BR>[Called By]<UL><LI><a href="#[7]">&gt;&gt;</a>&nbsp;&nbsp;&nbsp;gapm_activity_create_cmd_handler_patch
</UL>

<P><STRONG><a name="[509]"></a>gapm_le_psm_cleanup</STRONG> (Thumb, 0 bytes, Stack size 0 bytes, rom_symbol.txt(ABSOLUTE))
<BR><BR>[Called By]<UL><LI><a href="#[6]">&gt;&gt;</a>&nbsp;&nbsp;&nbsp;gapm_set_dev_config_cmd_handler_patch
</UL>

<P><STRONG><a name="[505]"></a>gapm_per_adv_sync_trans_param_send</STRONG> (Thumb, 0 bytes, Stack size 0 bytes, rom_symbol.txt(ABSOLUTE))
<BR><BR>[Called By]<UL><LI><a href="#[86]">&gt;&gt;</a>&nbsp;&nbsp;&nbsp;gapm_per_sync_stop_patch
</UL>

<P><STRONG><a name="[87]"></a>gapm_per_sync_delete</STRONG> (Thumb, 0 bytes, Stack size 0 bytes, rom_symbol.txt(ABSOLUTE), UNUSED)
<BR>[Address Reference Count : 1]<UL><LI> gapm_per_sync_patch.o(i.gapm_per_sync_create_patch)
</UL>
<P><STRONG><a name="[503]"></a>gapm_per_sync_send_hci_le_per_adv_create_sync_cancel_cmd</STRONG> (Thumb, 0 bytes, Stack size 0 bytes, rom_symbol.txt(ABSOLUTE))
<BR><BR>[Called By]<UL><LI><a href="#[86]">&gt;&gt;</a>&nbsp;&nbsp;&nbsp;gapm_per_sync_stop_patch
</UL>

<P><STRONG><a name="[502]"></a>gapm_per_sync_send_hci_le_per_adv_term_sync_cmd</STRONG> (Thumb, 0 bytes, Stack size 0 bytes, rom_symbol.txt(ABSOLUTE))
<BR><BR>[Called By]<UL><LI><a href="#[86]">&gt;&gt;</a>&nbsp;&nbsp;&nbsp;gapm_per_sync_stop_patch
</UL>

<P><STRONG><a name="[85]"></a>gapm_per_sync_start</STRONG> (Thumb, 0 bytes, Stack size 0 bytes, rom_symbol.txt(ABSOLUTE), UNUSED)
<BR>[Address Reference Count : 1]<UL><LI> gapm_per_sync_patch.o(i.gapm_per_sync_create_patch)
</UL>
<P><STRONG><a name="[4f7]"></a>gapm_process_op</STRONG> (Thumb, 0 bytes, Stack size 0 bytes, rom_symbol.txt(ABSOLUTE))
<BR><BR>[Called By]<UL><LI><a href="#[6]">&gt;&gt;</a>&nbsp;&nbsp;&nbsp;gapm_set_dev_config_cmd_handler_patch
<LI><a href="#[7]">&gt;&gt;</a>&nbsp;&nbsp;&nbsp;gapm_activity_create_cmd_handler_patch
</UL>

<P><STRONG><a name="[4fb]"></a>gapm_scan_create</STRONG> (Thumb, 0 bytes, Stack size 0 bytes, rom_symbol.txt(ABSOLUTE))
<BR><BR>[Called By]<UL><LI><a href="#[7]">&gt;&gt;</a>&nbsp;&nbsp;&nbsp;gapm_activity_create_cmd_handler_patch
</UL>

<P><STRONG><a name="[5c1]"></a>gatt_eatt_cid_index_get</STRONG> (Thumb, 0 bytes, Stack size 0 bytes, rom_symbol.txt(ABSOLUTE))
<BR><BR>[Called By]<UL><LI><a href="#[10]">&gt;&gt;</a>&nbsp;&nbsp;&nbsp;l2cc_lecb_sdu_recv_ind_handler_patch
</UL>

<P><STRONG><a name="[6af]"></a>global_int_disable</STRONG> (Thumb, 0 bytes, Stack size 0 bytes, rom_symbol.txt(ABSOLUTE), UNUSED)
<BR><BR>[Called By]<UL><LI><a href="#[6ae]">&gt;&gt;</a>&nbsp;&nbsp;&nbsp;ble_pwr_on_wakeup_reset_core
</UL>

<P><STRONG><a name="[6b2]"></a>global_int_enable</STRONG> (Thumb, 0 bytes, Stack size 0 bytes, rom_symbol.txt(ABSOLUTE), UNUSED)
<BR><BR>[Called By]<UL><LI><a href="#[6ae]">&gt;&gt;</a>&nbsp;&nbsp;&nbsp;ble_pwr_on_wakeup_reset_core
</UL>

<P><STRONG><a name="[54f]"></a>hal_aon_gpio_deinit_ext</STRONG> (Thumb, 0 bytes, Stack size 0 bytes, rom_symbol.txt(ABSOLUTE))
<BR><BR>[Called By]<UL><LI><a href="#[409]">&gt;&gt;</a>&nbsp;&nbsp;&nbsp;hal_aon_gpio_deinit
</UL>

<P><STRONG><a name="[550]"></a>hal_aon_gpio_init_ext</STRONG> (Thumb, 0 bytes, Stack size 0 bytes, rom_symbol.txt(ABSOLUTE))
<BR><BR>[Called By]<UL><LI><a href="#[40d]">&gt;&gt;</a>&nbsp;&nbsp;&nbsp;hal_aon_gpio_init
</UL>

<P><STRONG><a name="[ff]"></a>hal_aon_gpio_irq_handler</STRONG> (Thumb, 0 bytes, Stack size 0 bytes, rom_symbol.txt(ABSOLUTE))
<BR><BR>[Called By]<UL><LI><a href="#[71]">&gt;&gt;</a>&nbsp;&nbsp;&nbsp;AON_EXT_IRQHandler
</UL>

<P><STRONG><a name="[54e]"></a>hal_aon_gpio_register_callback</STRONG> (Thumb, 0 bytes, Stack size 0 bytes, rom_symbol.txt(ABSOLUTE))
<BR><BR>[Called By]<UL><LI><a href="#[40d]">&gt;&gt;</a>&nbsp;&nbsp;&nbsp;hal_aon_gpio_init
<LI><a href="#[409]">&gt;&gt;</a>&nbsp;&nbsp;&nbsp;hal_aon_gpio_deinit
</UL>

<P><STRONG><a name="[410]"></a>hal_aon_gpio_write_pin</STRONG> (Thumb, 0 bytes, Stack size 0 bytes, rom_symbol.txt(ABSOLUTE))
<BR><BR>[Called By]<UL><LI><a href="#[3c7]">&gt;&gt;</a>&nbsp;&nbsp;&nbsp;app_io_write_pin
</UL>

<P><STRONG><a name="[552]"></a>hal_clock_clear_device_xo_request_status</STRONG> (Thumb, 0 bytes, Stack size 0 bytes, rom_symbol.txt(ABSOLUTE))
<BR><BR>[Called By]<UL><LI><a href="#[b1]">&gt;&gt;</a>&nbsp;&nbsp;&nbsp;hal_clock_release_xo_osc_patch
</UL>

<P><STRONG><a name="[489]"></a>hal_clock_release_xo_osc</STRONG> (Thumb, 0 bytes, Stack size 0 bytes, rom_symbol.txt(ABSOLUTE))
<BR><BR>[Called By]<UL><LI><a href="#[488]">&gt;&gt;</a>&nbsp;&nbsp;&nbsp;clock_calib_state_clear
<LI><a href="#[65a]">&gt;&gt;</a>&nbsp;&nbsp;&nbsp;sys_pmu_ddvs_digcore_code_get
<LI><a href="#[62c]">&gt;&gt;</a>&nbsp;&nbsp;&nbsp;sys_pmu_ddvs_dcore_adjust
<LI><a href="#[6be]">&gt;&gt;</a>&nbsp;&nbsp;&nbsp;ble_release_xo_osc
</UL>

<P><STRONG><a name="[473]"></a>hal_clock_request_xo_osc</STRONG> (Thumb, 0 bytes, Stack size 0 bytes, rom_symbol.txt(ABSOLUTE))
<BR><BR>[Called By]<UL><LI><a href="#[5ef]">&gt;&gt;</a>&nbsp;&nbsp;&nbsp;low_power_clock_calib_start
<LI><a href="#[4ae]">&gt;&gt;</a>&nbsp;&nbsp;&nbsp;hfosc_clk_calib_inner_start_new
<LI><a href="#[471]">&gt;&gt;</a>&nbsp;&nbsp;&nbsp;boot_clock_calib_start
<LI><a href="#[65a]">&gt;&gt;</a>&nbsp;&nbsp;&nbsp;sys_pmu_ddvs_digcore_code_get
<LI><a href="#[62c]">&gt;&gt;</a>&nbsp;&nbsp;&nbsp;sys_pmu_ddvs_dcore_adjust
</UL>

<P><STRONG><a name="[b2]"></a>hal_clock_request_xo_osc_ori</STRONG> (Thumb, 0 bytes, Stack size 0 bytes, rom_symbol.txt(ABSOLUTE), UNUSED)
<BR>[Address Reference Count : 1]<UL><LI> gr55xx_hal_clock_patch.o(i.sys_xo_hf_clock_switch_enable)
</UL>
<P><STRONG><a name="[576]"></a>hal_dma_abort_it</STRONG> (Thumb, 0 bytes, Stack size 0 bytes, rom_symbol.txt(ABSOLUTE))
<BR><BR>[Called By]<UL><LI><a href="#[569]">&gt;&gt;</a>&nbsp;&nbsp;&nbsp;hal_i2c_master_abort_it
<LI><a href="#[30d]">&gt;&gt;</a>&nbsp;&nbsp;&nbsp;hal_uart_irq_handler
<LI><a href="#[574]">&gt;&gt;</a>&nbsp;&nbsp;&nbsp;i2c_it_error
</UL>

<P><STRONG><a name="[49c]"></a>hal_dma_get_state</STRONG> (Thumb, 0 bytes, Stack size 0 bytes, rom_symbol.txt(ABSOLUTE))
<BR><BR>[Called By]<UL><LI><a href="#[b9]">&gt;&gt;</a>&nbsp;&nbsp;&nbsp;dma_prepare_for_sleep
</UL>

<P><STRONG><a name="[10b]"></a>hal_dma_irq_handler</STRONG> (Thumb, 0 bytes, Stack size 0 bytes, rom_symbol.txt(ABSOLUTE))
<BR><BR>[Called By]<UL><LI><a href="#[65]">&gt;&gt;</a>&nbsp;&nbsp;&nbsp;DMA1_IRQHandler
<LI><a href="#[64]">&gt;&gt;</a>&nbsp;&nbsp;&nbsp;DMA0_IRQHandler
</UL>

<P><STRONG><a name="[10c]"></a>hal_dma_resume_reg</STRONG> (Thumb, 0 bytes, Stack size 0 bytes, rom_symbol.txt(ABSOLUTE))
<BR><BR>[Called By]<UL><LI><a href="#[ba]">&gt;&gt;</a>&nbsp;&nbsp;&nbsp;dma_wake_up_ind
<LI><a href="#[8b]">&gt;&gt;</a>&nbsp;&nbsp;&nbsp;hal_dma_resume_handle
</UL>

<P><STRONG><a name="[49d]"></a>hal_dma_suspend_reg</STRONG> (Thumb, 0 bytes, Stack size 0 bytes, rom_symbol.txt(ABSOLUTE))
<BR><BR>[Called By]<UL><LI><a href="#[b9]">&gt;&gt;</a>&nbsp;&nbsp;&nbsp;dma_prepare_for_sleep
</UL>

<P><STRONG><a name="[5b6]"></a>hal_dwt_disable</STRONG> (Thumb, 0 bytes, Stack size 0 bytes, rom_symbol.txt(ABSOLUTE))
<BR><BR>[Called By]<UL><LI><a href="#[5bb]">&gt;&gt;</a>&nbsp;&nbsp;&nbsp;i2c_wait_on_flag_until_timeout
<LI><a href="#[57f]">&gt;&gt;</a>&nbsp;&nbsp;&nbsp;i2c_slave_start_transmit
<LI><a href="#[57e]">&gt;&gt;</a>&nbsp;&nbsp;&nbsp;i2c_slave_start_receive
<LI><a href="#[81]">&gt;&gt;</a>&nbsp;&nbsp;&nbsp;delay_us_dwt_patch
</UL>

<P><STRONG><a name="[5b3]"></a>hal_dwt_enable</STRONG> (Thumb, 0 bytes, Stack size 0 bytes, rom_symbol.txt(ABSOLUTE))
<BR><BR>[Called By]<UL><LI><a href="#[5bb]">&gt;&gt;</a>&nbsp;&nbsp;&nbsp;i2c_wait_on_flag_until_timeout
<LI><a href="#[57f]">&gt;&gt;</a>&nbsp;&nbsp;&nbsp;i2c_slave_start_transmit
<LI><a href="#[57e]">&gt;&gt;</a>&nbsp;&nbsp;&nbsp;i2c_slave_start_receive
<LI><a href="#[81]">&gt;&gt;</a>&nbsp;&nbsp;&nbsp;delay_us_dwt_patch
</UL>

<P><STRONG><a name="[6ad]"></a>hal_exflash_deepsleep</STRONG> (Thumb, 0 bytes, Stack size 0 bytes, rom_symbol.txt(ABSOLUTE), UNUSED)
<BR><BR>[Called By]<UL><LI><a href="#[6ac]">&gt;&gt;</a>&nbsp;&nbsp;&nbsp;pwr_mgmt_ultra_sleep
</UL>

<P><STRONG><a name="[601]"></a>hal_exflash_get_error</STRONG> (Thumb, 0 bytes, Stack size 0 bytes, rom_symbol.txt(ABSOLUTE))
<BR><BR>[Called By]<UL><LI><a href="#[461]">&gt;&gt;</a>&nbsp;&nbsp;&nbsp;write_item
<LI><a href="#[607]">&gt;&gt;</a>&nbsp;&nbsp;&nbsp;replace_item
<LI><a href="#[a2]">&gt;&gt;</a>&nbsp;&nbsp;&nbsp;nvds_init_replace
</UL>

<P><STRONG><a name="[602]"></a>hal_exflash_get_state</STRONG> (Thumb, 0 bytes, Stack size 0 bytes, rom_symbol.txt(ABSOLUTE))
<BR><BR>[Called By]<UL><LI><a href="#[461]">&gt;&gt;</a>&nbsp;&nbsp;&nbsp;write_item
<LI><a href="#[607]">&gt;&gt;</a>&nbsp;&nbsp;&nbsp;replace_item
<LI><a href="#[a2]">&gt;&gt;</a>&nbsp;&nbsp;&nbsp;nvds_init_replace
</UL>

<P><STRONG><a name="[6a4]"></a>hal_exflash_init_ext</STRONG> (Thumb, 0 bytes, Stack size 0 bytes, rom_symbol.txt(ABSOLUTE))
<BR><BR>[Called By]<UL><LI><a href="#[ae]">&gt;&gt;</a>&nbsp;&nbsp;&nbsp;pwr_mgmt_shutdown_local_patch
</UL>

<P><STRONG><a name="[6bd]"></a>hal_exflash_resume</STRONG> (Thumb, 0 bytes, Stack size 0 bytes, rom_symbol.txt(ABSOLUTE), UNUSED)
<BR><BR>[Called By]<UL><LI><a href="#[6bb]">&gt;&gt;</a>&nbsp;&nbsp;&nbsp;ble_irq_handler_without_stack_init
</UL>

<P><STRONG><a name="[6bc]"></a>hal_exflash_suspend</STRONG> (Thumb, 0 bytes, Stack size 0 bytes, rom_symbol.txt(ABSOLUTE), UNUSED)
<BR><BR>[Called By]<UL><LI><a href="#[6bb]">&gt;&gt;</a>&nbsp;&nbsp;&nbsp;ble_irq_handler_without_stack_init
</UL>

<P><STRONG><a name="[563]"></a>hal_gpio_deinit_ext</STRONG> (Thumb, 0 bytes, Stack size 0 bytes, rom_symbol.txt(ABSOLUTE))
<BR><BR>[Called By]<UL><LI><a href="#[408]">&gt;&gt;</a>&nbsp;&nbsp;&nbsp;hal_gpio_deinit
</UL>

<P><STRONG><a name="[fe]"></a>hal_gpio_exti_irq_handler</STRONG> (Thumb, 0 bytes, Stack size 0 bytes, rom_symbol.txt(ABSOLUTE))
<BR><BR>[Called By]<UL><LI><a href="#[6f]">&gt;&gt;</a>&nbsp;&nbsp;&nbsp;EXT0_IRQHandler
<LI><a href="#[70]">&gt;&gt;</a>&nbsp;&nbsp;&nbsp;EXT1_IRQHandler
<LI><a href="#[72]">&gt;&gt;</a>&nbsp;&nbsp;&nbsp;EXT2_IRQHandler
</UL>

<P><STRONG><a name="[565]"></a>hal_gpio_init_ext</STRONG> (Thumb, 0 bytes, Stack size 0 bytes, rom_symbol.txt(ABSOLUTE))
<BR><BR>[Called By]<UL><LI><a href="#[40c]">&gt;&gt;</a>&nbsp;&nbsp;&nbsp;hal_gpio_init
</UL>

<P><STRONG><a name="[562]"></a>hal_gpio_register_callback</STRONG> (Thumb, 0 bytes, Stack size 0 bytes, rom_symbol.txt(ABSOLUTE))
<BR><BR>[Called By]<UL><LI><a href="#[40c]">&gt;&gt;</a>&nbsp;&nbsp;&nbsp;hal_gpio_init
<LI><a href="#[408]">&gt;&gt;</a>&nbsp;&nbsp;&nbsp;hal_gpio_deinit
</UL>

<P><STRONG><a name="[40f]"></a>hal_gpio_write_pin</STRONG> (Thumb, 0 bytes, Stack size 0 bytes, rom_symbol.txt(ABSOLUTE))
<BR><BR>[Called By]<UL><LI><a href="#[3c7]">&gt;&gt;</a>&nbsp;&nbsp;&nbsp;app_io_write_pin
</UL>

<P><STRONG><a name="[56f]"></a>hal_i2c_register_callback</STRONG> (Thumb, 0 bytes, Stack size 0 bytes, rom_symbol.txt(ABSOLUTE))
<BR><BR>[Called By]<UL><LI><a href="#[400]">&gt;&gt;</a>&nbsp;&nbsp;&nbsp;hal_i2c_init
</UL>

<P><STRONG><a name="[581]"></a>hal_msio_deinit_ext</STRONG> (Thumb, 0 bytes, Stack size 0 bytes, rom_symbol.txt(ABSOLUTE))
<BR><BR>[Called By]<UL><LI><a href="#[40a]">&gt;&gt;</a>&nbsp;&nbsp;&nbsp;hal_msio_deinit
</UL>

<P><STRONG><a name="[582]"></a>hal_msio_init_ext</STRONG> (Thumb, 0 bytes, Stack size 0 bytes, rom_symbol.txt(ABSOLUTE))
<BR><BR>[Called By]<UL><LI><a href="#[40e]">&gt;&gt;</a>&nbsp;&nbsp;&nbsp;hal_msio_init
</UL>

<P><STRONG><a name="[580]"></a>hal_msio_register_callback</STRONG> (Thumb, 0 bytes, Stack size 0 bytes, rom_symbol.txt(ABSOLUTE))
<BR><BR>[Called By]<UL><LI><a href="#[40e]">&gt;&gt;</a>&nbsp;&nbsp;&nbsp;hal_msio_init
<LI><a href="#[40a]">&gt;&gt;</a>&nbsp;&nbsp;&nbsp;hal_msio_deinit
</UL>

<P><STRONG><a name="[411]"></a>hal_msio_write_pin</STRONG> (Thumb, 0 bytes, Stack size 0 bytes, rom_symbol.txt(ABSOLUTE))
<BR><BR>[Called By]<UL><LI><a href="#[3c7]">&gt;&gt;</a>&nbsp;&nbsp;&nbsp;app_io_write_pin
</UL>

<P><STRONG><a name="[103]"></a>hal_nvic_clear_pending_irq</STRONG> (Thumb, 0 bytes, Stack size 0 bytes, rom_symbol.txt(ABSOLUTE))
<BR><BR>[Called By]<UL><LI><a href="#[3fd]">&gt;&gt;</a>&nbsp;&nbsp;&nbsp;app_i2c_init
<LI><a href="#[c0]">&gt;&gt;</a>&nbsp;&nbsp;&nbsp;i2c_wake_up_ind
<LI><a href="#[43a]">&gt;&gt;</a>&nbsp;&nbsp;&nbsp;app_qspi_init
<LI><a href="#[be]">&gt;&gt;</a>&nbsp;&nbsp;&nbsp;qspi_wake_up_ind
<LI><a href="#[30f]">&gt;&gt;</a>&nbsp;&nbsp;&nbsp;app_uart_init
<LI><a href="#[ba]">&gt;&gt;</a>&nbsp;&nbsp;&nbsp;dma_wake_up_ind
<LI><a href="#[bc]">&gt;&gt;</a>&nbsp;&nbsp;&nbsp;uart_wake_up_ind
<LI><a href="#[3f5]">&gt;&gt;</a>&nbsp;&nbsp;&nbsp;app_io_event_register_cb
<LI><a href="#[3ee]">&gt;&gt;</a>&nbsp;&nbsp;&nbsp;app_dma_init
</UL>

<P><STRONG><a name="[3ed]"></a>hal_nvic_disable_irq</STRONG> (Thumb, 0 bytes, Stack size 0 bytes, rom_symbol.txt(ABSOLUTE))
<BR><BR>[Called By]<UL><LI><a href="#[42f]">&gt;&gt;</a>&nbsp;&nbsp;&nbsp;app_qspi_deinit
<LI><a href="#[3e9]">&gt;&gt;</a>&nbsp;&nbsp;&nbsp;app_dma_deinit
</UL>

<P><STRONG><a name="[104]"></a>hal_nvic_enable_irq</STRONG> (Thumb, 0 bytes, Stack size 0 bytes, rom_symbol.txt(ABSOLUTE))
<BR><BR>[Called By]<UL><LI><a href="#[3fd]">&gt;&gt;</a>&nbsp;&nbsp;&nbsp;app_i2c_init
<LI><a href="#[c0]">&gt;&gt;</a>&nbsp;&nbsp;&nbsp;i2c_wake_up_ind
<LI><a href="#[43a]">&gt;&gt;</a>&nbsp;&nbsp;&nbsp;app_qspi_init
<LI><a href="#[be]">&gt;&gt;</a>&nbsp;&nbsp;&nbsp;qspi_wake_up_ind
<LI><a href="#[30f]">&gt;&gt;</a>&nbsp;&nbsp;&nbsp;app_uart_init
<LI><a href="#[ba]">&gt;&gt;</a>&nbsp;&nbsp;&nbsp;dma_wake_up_ind
<LI><a href="#[bc]">&gt;&gt;</a>&nbsp;&nbsp;&nbsp;uart_wake_up_ind
<LI><a href="#[3f5]">&gt;&gt;</a>&nbsp;&nbsp;&nbsp;app_io_event_register_cb
<LI><a href="#[3ee]">&gt;&gt;</a>&nbsp;&nbsp;&nbsp;app_dma_init
</UL>

<P><STRONG><a name="[588]"></a>hal_pwr_config_timer_wakeup_ext</STRONG> (Thumb, 0 bytes, Stack size 0 bytes, rom_symbol.txt(ABSOLUTE))
<BR><BR>[Called By]<UL><LI><a href="#[586]">&gt;&gt;</a>&nbsp;&nbsp;&nbsp;hal_sleep_timer_config_and_start
</UL>

<P><STRONG><a name="[6a3]"></a>hal_pwr_enter_chip_deepsleep</STRONG> (Thumb, 0 bytes, Stack size 0 bytes, rom_symbol.txt(ABSOLUTE))
<BR><BR>[Called By]<UL><LI><a href="#[ae]">&gt;&gt;</a>&nbsp;&nbsp;&nbsp;pwr_mgmt_shutdown_local_patch
</UL>

<P><STRONG><a name="[5b8]"></a>hal_pwr_mgmt_clear_device_handle</STRONG> (Thumb, 0 bytes, Stack size 0 bytes, rom_symbol.txt(ABSOLUTE))
<BR><BR>[Called By]<UL><LI><a href="#[27]">&gt;&gt;</a>&nbsp;&nbsp;&nbsp;i2c_updata_suspend_cb_local
</UL>

<P><STRONG><a name="[5b0]"></a>hal_pwr_mgmt_clear_device_sleep_flag</STRONG> (Thumb, 0 bytes, Stack size 0 bytes, rom_symbol.txt(ABSOLUTE))
<BR><BR>[Called By]<UL><LI><a href="#[56e]">&gt;&gt;</a>&nbsp;&nbsp;&nbsp;i2c_resume_before_using
</UL>

<P><STRONG><a name="[560]"></a>hal_pwr_mgmt_device_resume_register</STRONG> (Thumb, 0 bytes, Stack size 0 bytes, rom_symbol.txt(ABSOLUTE))
<BR><BR>[Called By]<UL><LI><a href="#[3f1]">&gt;&gt;</a>&nbsp;&nbsp;&nbsp;hal_dma_init
<LI><a href="#[570]">&gt;&gt;</a>&nbsp;&nbsp;&nbsp;hal_i2c_init_ext
</UL>

<P><STRONG><a name="[55c]"></a>hal_pwr_mgmt_device_resume_release</STRONG> (Thumb, 0 bytes, Stack size 0 bytes, rom_symbol.txt(ABSOLUTE))
<BR><BR>[Called By]<UL><LI><a href="#[3eb]">&gt;&gt;</a>&nbsp;&nbsp;&nbsp;hal_dma_deinit
<LI><a href="#[568]">&gt;&gt;</a>&nbsp;&nbsp;&nbsp;hal_i2c_deinit_ext
</UL>

<P><STRONG><a name="[5b9]"></a>hal_pwr_mgmt_device_suspend_register</STRONG> (Thumb, 0 bytes, Stack size 0 bytes, rom_symbol.txt(ABSOLUTE))
<BR><BR>[Called By]<UL><LI><a href="#[27]">&gt;&gt;</a>&nbsp;&nbsp;&nbsp;i2c_updata_suspend_cb_local
</UL>

<P><STRONG><a name="[5b7]"></a>hal_pwr_mgmt_device_suspend_release</STRONG> (Thumb, 0 bytes, Stack size 0 bytes, rom_symbol.txt(ABSOLUTE))
<BR><BR>[Called By]<UL><LI><a href="#[27]">&gt;&gt;</a>&nbsp;&nbsp;&nbsp;i2c_updata_suspend_cb_local
</UL>

<P><STRONG><a name="[5ba]"></a>hal_pwr_mgmt_save_device_handle</STRONG> (Thumb, 0 bytes, Stack size 0 bytes, rom_symbol.txt(ABSOLUTE))
<BR><BR>[Called By]<UL><LI><a href="#[27]">&gt;&gt;</a>&nbsp;&nbsp;&nbsp;i2c_updata_suspend_cb_local
</UL>

<P><STRONG><a name="[5b2]"></a>hal_pwr_mgmt_set_device_renew_flag</STRONG> (Thumb, 0 bytes, Stack size 0 bytes, rom_symbol.txt(ABSOLUTE))
<BR><BR>[Called By]<UL><LI><a href="#[572]">&gt;&gt;</a>&nbsp;&nbsp;&nbsp;i2c_set_renew_flag
</UL>

<P><STRONG><a name="[5b1]"></a>hal_pwr_mgmt_set_device_state</STRONG> (Thumb, 0 bytes, Stack size 0 bytes, rom_symbol.txt(ABSOLUTE))
<BR><BR>[Called By]<UL><LI><a href="#[56a]">&gt;&gt;</a>&nbsp;&nbsp;&nbsp;i2c_set_device_state
</UL>

<P><STRONG><a name="[472]"></a>hal_pwr_mgmt_set_extra_device_state</STRONG> (Thumb, 0 bytes, Stack size 0 bytes, rom_symbol.txt(ABSOLUTE))
<BR><BR>[Called By]<UL><LI><a href="#[5ef]">&gt;&gt;</a>&nbsp;&nbsp;&nbsp;low_power_clock_calib_start
<LI><a href="#[4ae]">&gt;&gt;</a>&nbsp;&nbsp;&nbsp;hfosc_clk_calib_inner_start_new
<LI><a href="#[488]">&gt;&gt;</a>&nbsp;&nbsp;&nbsp;clock_calib_state_clear
<LI><a href="#[471]">&gt;&gt;</a>&nbsp;&nbsp;&nbsp;boot_clock_calib_start
</UL>

<P><STRONG><a name="[587]"></a>hal_pwr_register_timer_elaspsed_handler</STRONG> (Thumb, 0 bytes, Stack size 0 bytes, rom_symbol.txt(ABSOLUTE))
<BR><BR>[Called By]<UL><LI><a href="#[586]">&gt;&gt;</a>&nbsp;&nbsp;&nbsp;hal_sleep_timer_config_and_start
</UL>

<P><STRONG><a name="[305]"></a>hal_pwr_sleep_timer_irq_handler</STRONG> (Thumb, 0 bytes, Stack size 0 bytes, rom_symbol.txt(ABSOLUTE))
<BR><BR>[Called By]<UL><LI><a href="#[b0]">&gt;&gt;</a>&nbsp;&nbsp;&nbsp;SLPTIMER_IRQHandler
</UL>

<P><STRONG><a name="[432]"></a>hal_qspi_command_receive_dma</STRONG> (Thumb, 0 bytes, Stack size 0 bytes, rom_symbol.txt(ABSOLUTE))
<BR><BR>[Called By]<UL><LI><a href="#[3d1]">&gt;&gt;</a>&nbsp;&nbsp;&nbsp;app_qspi_dma_command_receive_async
</UL>

<P><STRONG><a name="[433]"></a>hal_qspi_command_transmit_dma</STRONG> (Thumb, 0 bytes, Stack size 0 bytes, rom_symbol.txt(ABSOLUTE))
<BR><BR>[Called By]<UL><LI><a href="#[3ca]">&gt;&gt;</a>&nbsp;&nbsp;&nbsp;app_qspi_dma_command_transmit_async
</UL>

<P><STRONG><a name="[42a]"></a>hal_qspi_command_transmit_dma_llp</STRONG> (Thumb, 0 bytes, Stack size 0 bytes, rom_symbol.txt(ABSOLUTE))
<BR><BR>[Called By]<UL><LI><a href="#[428]">&gt;&gt;</a>&nbsp;&nbsp;&nbsp;app_qspi_cmd_llp_transmit
</UL>

<P><STRONG><a name="[584]"></a>hal_qspi_deinit_ext</STRONG> (Thumb, 0 bytes, Stack size 0 bytes, rom_symbol.txt(ABSOLUTE))
<BR><BR>[Called By]<UL><LI><a href="#[430]">&gt;&gt;</a>&nbsp;&nbsp;&nbsp;hal_qspi_deinit
</UL>

<P><STRONG><a name="[644]"></a>hal_qspi_get_state</STRONG> (Thumb, 0 bytes, Stack size 0 bytes, rom_symbol.txt(ABSOLUTE))
<BR><BR>[Called By]<UL><LI><a href="#[bd]">&gt;&gt;</a>&nbsp;&nbsp;&nbsp;qspi_prepare_for_sleep
</UL>

<P><STRONG><a name="[585]"></a>hal_qspi_init_ext</STRONG> (Thumb, 0 bytes, Stack size 0 bytes, rom_symbol.txt(ABSOLUTE))
<BR><BR>[Called By]<UL><LI><a href="#[43c]">&gt;&gt;</a>&nbsp;&nbsp;&nbsp;hal_qspi_init
</UL>

<P><STRONG><a name="[110]"></a>hal_qspi_irq_handler</STRONG> (Thumb, 0 bytes, Stack size 0 bytes, rom_symbol.txt(ABSOLUTE))
<BR><BR>[Called By]<UL><LI><a href="#[77]">&gt;&gt;</a>&nbsp;&nbsp;&nbsp;QSPI2_IRQHandler
<LI><a href="#[76]">&gt;&gt;</a>&nbsp;&nbsp;&nbsp;QSPI1_IRQHandler
<LI><a href="#[75]">&gt;&gt;</a>&nbsp;&nbsp;&nbsp;QSPI0_IRQHandler
</UL>

<P><STRONG><a name="[42e]"></a>hal_qspi_memorymapped</STRONG> (Thumb, 0 bytes, Stack size 0 bytes, rom_symbol.txt(ABSOLUTE))
<BR><BR>[Called By]<UL><LI><a href="#[42d]">&gt;&gt;</a>&nbsp;&nbsp;&nbsp;app_qspi_config_memory_mappped
</UL>

<P><STRONG><a name="[423]"></a>hal_qspi_memorymapped_active</STRONG> (Thumb, 0 bytes, Stack size 0 bytes, rom_symbol.txt(ABSOLUTE))
<BR><BR>[Called By]<UL><LI><a href="#[3bd]">&gt;&gt;</a>&nbsp;&nbsp;&nbsp;app_qspi_active_memory_mappped
</UL>

<P><STRONG><a name="[424]"></a>hal_qspi_memorymapped_deactive</STRONG> (Thumb, 0 bytes, Stack size 0 bytes, rom_symbol.txt(ABSOLUTE))
<BR><BR>[Called By]<UL><LI><a href="#[3bd]">&gt;&gt;</a>&nbsp;&nbsp;&nbsp;app_qspi_active_memory_mappped
</UL>

<P><STRONG><a name="[43e]"></a>hal_qspi_memorymapped_update</STRONG> (Thumb, 0 bytes, Stack size 0 bytes, rom_symbol.txt(ABSOLUTE))
<BR><BR>[Called By]<UL><LI><a href="#[425]">&gt;&gt;</a>&nbsp;&nbsp;&nbsp;app_qspi_mmap_set_prefetch
<LI><a href="#[427]">&gt;&gt;</a>&nbsp;&nbsp;&nbsp;app_qspi_mmap_set_endian_mode
</UL>

<P><STRONG><a name="[583]"></a>hal_qspi_register_callback</STRONG> (Thumb, 0 bytes, Stack size 0 bytes, rom_symbol.txt(ABSOLUTE))
<BR><BR>[Called By]<UL><LI><a href="#[43c]">&gt;&gt;</a>&nbsp;&nbsp;&nbsp;hal_qspi_init
<LI><a href="#[430]">&gt;&gt;</a>&nbsp;&nbsp;&nbsp;hal_qspi_deinit
</UL>

<P><STRONG><a name="[10f]"></a>hal_qspi_resume_reg</STRONG> (Thumb, 0 bytes, Stack size 0 bytes, rom_symbol.txt(ABSOLUTE))
<BR><BR>[Called By]<UL><LI><a href="#[be]">&gt;&gt;</a>&nbsp;&nbsp;&nbsp;qspi_wake_up_ind
</UL>

<P><STRONG><a name="[645]"></a>hal_qspi_suspend_reg</STRONG> (Thumb, 0 bytes, Stack size 0 bytes, rom_symbol.txt(ABSOLUTE))
<BR><BR>[Called By]<UL><LI><a href="#[bd]">&gt;&gt;</a>&nbsp;&nbsp;&nbsp;qspi_prepare_for_sleep
</UL>

<P><STRONG><a name="[438]"></a>hal_qspi_transmit_dma</STRONG> (Thumb, 0 bytes, Stack size 0 bytes, rom_symbol.txt(ABSOLUTE))
<BR><BR>[Called By]<UL><LI><a href="#[3d4]">&gt;&gt;</a>&nbsp;&nbsp;&nbsp;app_qspi_dma_transmit_async_ex
</UL>

<P><STRONG><a name="[43d]"></a>hal_qspi_transmit_dma_llp</STRONG> (Thumb, 0 bytes, Stack size 0 bytes, rom_symbol.txt(ABSOLUTE))
<BR><BR>[Called By]<UL><LI><a href="#[429]">&gt;&gt;</a>&nbsp;&nbsp;&nbsp;app_qspi_llp_transmit
</UL>

<P><STRONG><a name="[5eb]"></a>hal_sleep_timer_get_current_value</STRONG> (Thumb, 0 bytes, Stack size 0 bytes, rom_symbol.txt(ABSOLUTE))
<BR><BR>[Called By]<UL><LI><a href="#[44c]">&gt;&gt;</a>&nbsp;&nbsp;&nbsp;low_level_timer_startup
<LI><a href="#[447]">&gt;&gt;</a>&nbsp;&nbsp;&nbsp;low_level_timer_rest_get
</UL>

<P><STRONG><a name="[5ed]"></a>hal_sleep_timer_status_get</STRONG> (Thumb, 0 bytes, Stack size 0 bytes, rom_symbol.txt(ABSOLUTE))
<BR><BR>[Called By]<UL><LI><a href="#[449]">&gt;&gt;</a>&nbsp;&nbsp;&nbsp;low_level_timer_stop
<LI><a href="#[44c]">&gt;&gt;</a>&nbsp;&nbsp;&nbsp;low_level_timer_startup
</UL>

<P><STRONG><a name="[5ee]"></a>hal_sleep_timer_stop</STRONG> (Thumb, 0 bytes, Stack size 0 bytes, rom_symbol.txt(ABSOLUTE))
<BR><BR>[Called By]<UL><LI><a href="#[449]">&gt;&gt;</a>&nbsp;&nbsp;&nbsp;low_level_timer_stop
</UL>

<P><STRONG><a name="[58a]"></a>hal_uart_deinit_ext</STRONG> (Thumb, 0 bytes, Stack size 0 bytes, rom_symbol.txt(ABSOLUTE))
<BR><BR>[Called By]<UL><LI><a href="#[453]">&gt;&gt;</a>&nbsp;&nbsp;&nbsp;hal_uart_deinit
</UL>

<P><STRONG><a name="[670]"></a>hal_uart_get_state</STRONG> (Thumb, 0 bytes, Stack size 0 bytes, rom_symbol.txt(ABSOLUTE))
<BR><BR>[Called By]<UL><LI><a href="#[bb]">&gt;&gt;</a>&nbsp;&nbsp;&nbsp;uart_prepare_for_sleep
</UL>

<P><STRONG><a name="[58c]"></a>hal_uart_init_ext</STRONG> (Thumb, 0 bytes, Stack size 0 bytes, rom_symbol.txt(ABSOLUTE))
<BR><BR>[Called By]<UL><LI><a href="#[454]">&gt;&gt;</a>&nbsp;&nbsp;&nbsp;hal_uart_init
</UL>

<P><STRONG><a name="[58b]"></a>hal_uart_register_callback</STRONG> (Thumb, 0 bytes, Stack size 0 bytes, rom_symbol.txt(ABSOLUTE))
<BR><BR>[Called By]<UL><LI><a href="#[454]">&gt;&gt;</a>&nbsp;&nbsp;&nbsp;hal_uart_init
</UL>

<P><STRONG><a name="[102]"></a>hal_uart_resume_reg</STRONG> (Thumb, 0 bytes, Stack size 0 bytes, rom_symbol.txt(ABSOLUTE))
<BR><BR>[Called By]<UL><LI><a href="#[bc]">&gt;&gt;</a>&nbsp;&nbsp;&nbsp;uart_wake_up_ind
</UL>

<P><STRONG><a name="[671]"></a>hal_uart_suspend_reg</STRONG> (Thumb, 0 bytes, Stack size 0 bytes, rom_symbol.txt(ABSOLUTE))
<BR><BR>[Called By]<UL><LI><a href="#[bb]">&gt;&gt;</a>&nbsp;&nbsp;&nbsp;uart_prepare_for_sleep
</UL>

<P><STRONG><a name="[45b]"></a>hal_uart_transmit</STRONG> (Thumb, 0 bytes, Stack size 0 bytes, rom_symbol.txt(ABSOLUTE))
<BR><BR>[Called By]<UL><LI><a href="#[257]">&gt;&gt;</a>&nbsp;&nbsp;&nbsp;app_uart_transmit_sync
</UL>

<P><STRONG><a name="[450]"></a>hal_uart_transmit_dma</STRONG> (Thumb, 0 bytes, Stack size 0 bytes, rom_symbol.txt(ABSOLUTE))
<BR><BR>[Called By]<UL><LI><a href="#[44d]">&gt;&gt;</a>&nbsp;&nbsp;&nbsp;app_uart_dma_start_transmit_async
</UL>

<P><STRONG><a name="[458]"></a>hal_uart_transmit_it</STRONG> (Thumb, 0 bytes, Stack size 0 bytes, rom_symbol.txt(ABSOLUTE))
<BR><BR>[Called By]<UL><LI><a href="#[457]">&gt;&gt;</a>&nbsp;&nbsp;&nbsp;app_uart_start_transmit_async
</UL>

<P><STRONG><a name="[68f]"></a>hal_xqspi_command_receive</STRONG> (Thumb, 0 bytes, Stack size 0 bytes, rom_symbol.txt(ABSOLUTE))
<BR><BR>[Called By]<UL><LI><a href="#[695]">&gt;&gt;</a>&nbsp;&nbsp;&nbsp;exflash_read_status_reg
<LI><a href="#[694]">&gt;&gt;</a>&nbsp;&nbsp;&nbsp;exflash_read_uid
<LI><a href="#[68e]">&gt;&gt;</a>&nbsp;&nbsp;&nbsp;exflash_enable_quad_patch
</UL>

<P><STRONG><a name="[691]"></a>hal_xqspi_init_ext</STRONG> (Thumb, 0 bytes, Stack size 0 bytes, rom_symbol.txt(ABSOLUTE))
<BR><BR>[Called By]<UL><LI><a href="#[697]">&gt;&gt;</a>&nbsp;&nbsp;&nbsp;hal_exflash_write_status_reg
<LI><a href="#[696]">&gt;&gt;</a>&nbsp;&nbsp;&nbsp;hal_exflash_read_status_reg
<LI><a href="#[694]">&gt;&gt;</a>&nbsp;&nbsp;&nbsp;exflash_read_uid
<LI><a href="#[ad]">&gt;&gt;</a>&nbsp;&nbsp;&nbsp;hal_exflash_enable_quad_patch
<LI><a href="#[ac]">&gt;&gt;</a>&nbsp;&nbsp;&nbsp;hal_exflash_init_patch
</UL>

<P><STRONG><a name="[5e5]"></a>hci_dbg_tst_rcv_llcp_handler</STRONG> (Thumb, 0 bytes, Stack size 0 bytes, rom_symbol.txt(ABSOLUTE))
<BR><BR>[Called By]<UL><LI><a href="#[d]">&gt;&gt;</a>&nbsp;&nbsp;&nbsp;lld_llcp_rx_ind_handler_patch
</UL>

<P><STRONG><a name="[5c2]"></a>ke_msg_alloc</STRONG> (Thumb, 0 bytes, Stack size 0 bytes, rom_symbol.txt(ABSOLUTE))
<BR><BR>[Called By]<UL><LI><a href="#[10]">&gt;&gt;</a>&nbsp;&nbsp;&nbsp;l2cc_lecb_sdu_recv_ind_handler_patch
</UL>

<P><STRONG><a name="[5c6]"></a>ke_msg_forward</STRONG> (Thumb, 0 bytes, Stack size 0 bytes, rom_symbol.txt(ABSOLUTE))
<BR><BR>[Called By]<UL><LI><a href="#[10]">&gt;&gt;</a>&nbsp;&nbsp;&nbsp;l2cc_lecb_sdu_recv_ind_handler_patch
</UL>

<P><STRONG><a name="[5c4]"></a>ke_msg_send</STRONG> (Thumb, 0 bytes, Stack size 0 bytes, rom_symbol.txt(ABSOLUTE))
<BR><BR>[Called By]<UL><LI><a href="#[10]">&gt;&gt;</a>&nbsp;&nbsp;&nbsp;l2cc_lecb_sdu_recv_ind_handler_patch
</UL>

<P><STRONG><a name="[597]"></a>ke_state_get</STRONG> (Thumb, 0 bytes, Stack size 0 bytes, rom_symbol.txt(ABSOLUTE))
<BR><BR>[Called By]<UL><LI><a href="#[4f6]">&gt;&gt;</a>&nbsp;&nbsp;&nbsp;hci_disc_cmp_evt_handler_patch
</UL>

<P><STRONG><a name="[5ca]"></a>ll_dma_hs_choice</STRONG> (Thumb, 0 bytes, Stack size 0 bytes, rom_symbol.txt(ABSOLUTE))
<BR><BR>[Called By]<UL><LI><a href="#[55f]">&gt;&gt;</a>&nbsp;&nbsp;&nbsp;ll_dma_init
</UL>

<P><STRONG><a name="[55e]"></a>ll_dma_struct_init</STRONG> (Thumb, 0 bytes, Stack size 0 bytes, rom_symbol.txt(ABSOLUTE))
<BR><BR>[Called By]<UL><LI><a href="#[3f1]">&gt;&gt;</a>&nbsp;&nbsp;&nbsp;hal_dma_init
</UL>

<P><STRONG><a name="[56b]"></a>ll_i2c_deinit</STRONG> (Thumb, 0 bytes, Stack size 0 bytes, rom_symbol.txt(ABSOLUTE))
<BR><BR>[Called By]<UL><LI><a href="#[568]">&gt;&gt;</a>&nbsp;&nbsp;&nbsp;hal_i2c_deinit_ext
</UL>

<P><STRONG><a name="[5d0]"></a>llc_disconnect</STRONG> (Thumb, 0 bytes, Stack size 0 bytes, rom_symbol.txt(ABSOLUTE))
<BR><BR>[Called By]<UL><LI><a href="#[d]">&gt;&gt;</a>&nbsp;&nbsp;&nbsp;lld_llcp_rx_ind_handler_patch
<LI><a href="#[b3]">&gt;&gt;</a>&nbsp;&nbsp;&nbsp;llc_rem_encrypt_proc_continue_patch
</UL>

<P><STRONG><a name="[5da]"></a>llc_hci_enc_evt_send</STRONG> (Thumb, 0 bytes, Stack size 0 bytes, rom_symbol.txt(ABSOLUTE))
<BR><BR>[Called By]<UL><LI><a href="#[b3]">&gt;&gt;</a>&nbsp;&nbsp;&nbsp;llc_rem_encrypt_proc_continue_patch
</UL>

<P><STRONG><a name="[5d5]"></a>llc_hci_ltk_request_evt_send</STRONG> (Thumb, 0 bytes, Stack size 0 bytes, rom_symbol.txt(ABSOLUTE))
<BR><BR>[Called By]<UL><LI><a href="#[b3]">&gt;&gt;</a>&nbsp;&nbsp;&nbsp;llc_rem_encrypt_proc_continue_patch
</UL>

<P><STRONG><a name="[5dd]"></a>llc_le_ping_restart</STRONG> (Thumb, 0 bytes, Stack size 0 bytes, rom_symbol.txt(ABSOLUTE))
<BR><BR>[Called By]<UL><LI><a href="#[d]">&gt;&gt;</a>&nbsp;&nbsp;&nbsp;lld_llcp_rx_ind_handler_patch
<LI><a href="#[4c6]">&gt;&gt;</a>&nbsp;&nbsp;&nbsp;llc_rem_encrypt_proc_finish_patch
</UL>

<P><STRONG><a name="[a1]"></a>llc_ll_start_enc_rsp_ack_handler</STRONG> (Thumb, 0 bytes, Stack size 0 bytes, rom_symbol.txt(ABSOLUTE), UNUSED)
<BR>[Address Reference Count : 1]<UL><LI> llc_encrypt_patch.o(i.llc_rem_wait_start_enc_rsp_patch)
</UL>
<P><STRONG><a name="[5e2]"></a>llc_ll_start_enc_rsp_pdu_send</STRONG> (Thumb, 0 bytes, Stack size 0 bytes, rom_symbol.txt(ABSOLUTE))
<BR><BR>[Called By]<UL><LI><a href="#[5d9]">&gt;&gt;</a>&nbsp;&nbsp;&nbsp;llc_rem_wait_start_enc_rsp_patch
</UL>

<P><STRONG><a name="[5dc]"></a>llc_llcp_state_set</STRONG> (Thumb, 0 bytes, Stack size 0 bytes, rom_symbol.txt(ABSOLUTE))
<BR><BR>[Called By]<UL><LI><a href="#[5d9]">&gt;&gt;</a>&nbsp;&nbsp;&nbsp;llc_rem_wait_start_enc_rsp_patch
<LI><a href="#[4c6]">&gt;&gt;</a>&nbsp;&nbsp;&nbsp;llc_rem_encrypt_proc_finish_patch
</UL>

<P><STRONG><a name="[5cc]"></a>llc_op_ch_class_ind_handler</STRONG> (Thumb, 0 bytes, Stack size 0 bytes, rom_symbol.txt(ABSOLUTE))
<BR><BR>[Called By]<UL><LI><a href="#[f]">&gt;&gt;</a>&nbsp;&nbsp;&nbsp;llc_op_ch_class_rep_ind_handler_patch
<LI><a href="#[e]">&gt;&gt;</a>&nbsp;&nbsp;&nbsp;llc_op_ch_class_en_ind_handler_patch
</UL>

<P><STRONG><a name="[5cd]"></a>llc_op_dl_upd_ind_handler</STRONG> (Thumb, 0 bytes, Stack size 0 bytes, rom_symbol.txt(ABSOLUTE))
<BR><BR>[Called By]<UL><LI><a href="#[c]">&gt;&gt;</a>&nbsp;&nbsp;&nbsp;llc_op_dl_upd_ind_handler_patch
</UL>

<P><STRONG><a name="[5ce]"></a>llc_proc_get</STRONG> (Thumb, 0 bytes, Stack size 0 bytes, rom_symbol.txt(ABSOLUTE))
<BR><BR>[Called By]<UL><LI><a href="#[b3]">&gt;&gt;</a>&nbsp;&nbsp;&nbsp;llc_rem_encrypt_proc_continue_patch
<LI><a href="#[4c6]">&gt;&gt;</a>&nbsp;&nbsp;&nbsp;llc_rem_encrypt_proc_finish_patch
</UL>

<P><STRONG><a name="[5cf]"></a>llc_proc_state_get</STRONG> (Thumb, 0 bytes, Stack size 0 bytes, rom_symbol.txt(ABSOLUTE))
<BR><BR>[Called By]<UL><LI><a href="#[b3]">&gt;&gt;</a>&nbsp;&nbsp;&nbsp;llc_rem_encrypt_proc_continue_patch
</UL>

<P><STRONG><a name="[5d6]"></a>llc_proc_state_set</STRONG> (Thumb, 0 bytes, Stack size 0 bytes, rom_symbol.txt(ABSOLUTE))
<BR><BR>[Called By]<UL><LI><a href="#[b3]">&gt;&gt;</a>&nbsp;&nbsp;&nbsp;llc_rem_encrypt_proc_continue_patch
<LI><a href="#[5d9]">&gt;&gt;</a>&nbsp;&nbsp;&nbsp;llc_rem_wait_start_enc_rsp_patch
</UL>

<P><STRONG><a name="[5de]"></a>llc_proc_timer_pause_set</STRONG> (Thumb, 0 bytes, Stack size 0 bytes, rom_symbol.txt(ABSOLUTE))
<BR><BR>[Called By]<UL><LI><a href="#[4c6]">&gt;&gt;</a>&nbsp;&nbsp;&nbsp;llc_rem_encrypt_proc_finish_patch
</UL>

<P><STRONG><a name="[5e0]"></a>llc_proc_timer_set</STRONG> (Thumb, 0 bytes, Stack size 0 bytes, rom_symbol.txt(ABSOLUTE))
<BR><BR>[Called By]<UL><LI><a href="#[5d9]">&gt;&gt;</a>&nbsp;&nbsp;&nbsp;llc_rem_wait_start_enc_rsp_patch
</UL>

<P><STRONG><a name="[5df]"></a>llc_proc_unreg</STRONG> (Thumb, 0 bytes, Stack size 0 bytes, rom_symbol.txt(ABSOLUTE))
<BR><BR>[Called By]<UL><LI><a href="#[4c6]">&gt;&gt;</a>&nbsp;&nbsp;&nbsp;llc_rem_encrypt_proc_finish_patch
</UL>

<P><STRONG><a name="[5d1]"></a>llc_rem_enc_proc_start</STRONG> (Thumb, 0 bytes, Stack size 0 bytes, rom_symbol.txt(ABSOLUTE))
[...]
</UL>
<BR>[Calls]<UL><LI><a href="#[120]">&gt;&gt;</a>&nbsp;&nbsp;&nbsp;__aeabi_dmul
<LI><a href="#[11a]">&gt;&gt;</a>&nbsp;&nbsp;&nbsp;__aeabi_dadd
<LI><a href="#[11e]">&gt;&gt;</a>&nbsp;&nbsp;&nbsp;__aeabi_dsub
<LI><a href="#[341]">&gt;&gt;</a>&nbsp;&nbsp;&nbsp;__aeabi_cdrcmple
<LI><a href="#[12b]">&gt;&gt;</a>&nbsp;&nbsp;&nbsp;__aeabi_d2f
<LI><a href="#[140]">&gt;&gt;</a>&nbsp;&nbsp;&nbsp;__aeabi_f2d
<LI><a href="#[2c7]">&gt;&gt;</a>&nbsp;&nbsp;&nbsp;fwwYaQ_GPrrUm_fUc_iPb_r09
<LI><a href="#[3de]">&gt;&gt;</a>&nbsp;&nbsp;&nbsp;R2I29mH4ZJT3I
<LI><a href="#[2bd]">&gt;&gt;</a>&nbsp;&nbsp;&nbsp;LphH9a18BsITE17II
</UL>
<BR>[Called By]<UL><LI><a href="#[2c2]">&gt;&gt;</a>&nbsp;&nbsp;&nbsp;M4UOz33f4XM5v3BW44z5
</UL>

<P><STRONG><a name="[35d]"></a>tnT3sFX3a00KO78aHbi3Bn4o</STRONG> (Thumb, 538 bytes, Stack size 64 bytes, 7h7L7Y20wMjQwIY.o(i.tnT3sFX3a00KO78aHbi3Bn4o))
<BR><BR>[Stack]<UL><LI>Max Depth = 152<LI>Call Chain = tnT3sFX3a00KO78aHbi3Bn4o &rArr; __aeabi_dmul &rArr; _double_epilogue &rArr; _double_round
</UL>
<BR>[Calls]<UL><LI><a href="#[126]">&gt;&gt;</a>&nbsp;&nbsp;&nbsp;__aeabi_ui2d
<LI><a href="#[120]">&gt;&gt;</a>&nbsp;&nbsp;&nbsp;__aeabi_dmul
<LI><a href="#[121]">&gt;&gt;</a>&nbsp;&nbsp;&nbsp;__aeabi_ddiv
<LI><a href="#[11a]">&gt;&gt;</a>&nbsp;&nbsp;&nbsp;__aeabi_dadd
<LI><a href="#[2be]">&gt;&gt;</a>&nbsp;&nbsp;&nbsp;__aeabi_cdcmple
<LI><a href="#[12b]">&gt;&gt;</a>&nbsp;&nbsp;&nbsp;__aeabi_d2f
<LI><a href="#[140]">&gt;&gt;</a>&nbsp;&nbsp;&nbsp;__aeabi_f2d
</UL>
<BR>[Called By]<UL><LI><a href="#[359]">&gt;&gt;</a>&nbsp;&nbsp;&nbsp;_AEu671XJK6Jyd31dQN0
</UL>

<P><STRONG><a name="[9e]"></a>NrN1P1R37dX2eX0</STRONG> (Thumb, 186 bytes, Stack size 40 bytes, EV0x1v6X6RFP.o(i.NrN1P1R37dX2eX0))
<BR><BR>[Stack]<UL><LI>Max Depth = 104<LI>Call Chain = NrN1P1R37dX2eX0 &rArr; op3oPM5JPL343jvCzq6 &rArr; __hardfp_fminf
</UL>
<BR>[Calls]<UL><LI><a href="#[2e7]">&gt;&gt;</a>&nbsp;&nbsp;&nbsp;op3oPM5JPL343jvCzq6
</UL>
<BR>[Address Reference Count : 1]<UL><LI> EV0x1v6X6RFP.o(i.liaczPticadU)
</UL>
<P><STRONG><a name="[2e7]"></a>op3oPM5JPL343jvCzq6</STRONG> (Thumb, 242 bytes, Stack size 48 bytes, EV0x1v6X6RFP.o(i.op3oPM5JPL343jvCzq6))
<BR><BR>[Stack]<UL><LI>Max Depth = 64<LI>Call Chain = op3oPM5JPL343jvCzq6 &rArr; __hardfp_fminf
</UL>
<BR>[Calls]<UL><LI><a href="#[394]">&gt;&gt;</a>&nbsp;&nbsp;&nbsp;__hardfp_fminf
<LI><a href="#[13a]">&gt;&gt;</a>&nbsp;&nbsp;&nbsp;__hardfp_fmaxf
<LI><a href="#[2ba]">&gt;&gt;</a>&nbsp;&nbsp;&nbsp;__hardfp_floorf
</UL>
<BR>[Called By]<UL><LI><a href="#[9e]">&gt;&gt;</a>&nbsp;&nbsp;&nbsp;NrN1P1R37dX2eX0
</UL>

<P><STRONG><a name="[142]"></a>BHQio5Z61VOPR6yiNa2E1</STRONG> (Thumb, 190 bytes, Stack size 104 bytes, xj318UQ5ig3d0Grq16iF.o(i.BHQio5Z61VOPR6yiNa2E1))
<BR><BR>[Stack]<UL><LI>Max Depth = 116<LI>Call Chain = BHQio5Z61VOPR6yiNa2E1 &rArr; etqTZiihUiIwm
</UL>
<BR>[Calls]<UL><LI><a href="#[143]">&gt;&gt;</a>&nbsp;&nbsp;&nbsp;etqTZiihUiIwm
<LI><a href="#[106]">&gt;&gt;</a>&nbsp;&nbsp;&nbsp;__aeabi_memclr4
<LI><a href="#[144]">&gt;&gt;</a>&nbsp;&nbsp;&nbsp;__aeabi_memcpy4
</UL>
<BR>[Called By]<UL><LI><a href="#[2f0]">&gt;&gt;</a>&nbsp;&nbsp;&nbsp;S7I32Ox1ayq0AgrkoFi
</UL>

<P><STRONG><a name="[2f0]"></a>S7I32Ox1ayq0AgrkoFi</STRONG> (Thumb, 630 bytes, Stack size 240 bytes, xj318UQ5ig3d0Grq16iF.o(i.S7I32Ox1ayq0AgrkoFi))
<BR><BR>[Stack]<UL><LI>Max Depth = 356<LI>Call Chain = S7I32Ox1ayq0AgrkoFi &rArr; x8k5ZsE25g18lkx8m &rArr; etqTZiihUiIwm
</UL>
<BR>[Calls]<UL><LI><a href="#[2f1]">&gt;&gt;</a>&nbsp;&nbsp;&nbsp;x8k5ZsE25g18lkx8m
<LI><a href="#[142]">&gt;&gt;</a>&nbsp;&nbsp;&nbsp;BHQio5Z61VOPR6yiNa2E1
<LI><a href="#[143]">&gt;&gt;</a>&nbsp;&nbsp;&nbsp;etqTZiihUiIwm
<LI><a href="#[106]">&gt;&gt;</a>&nbsp;&nbsp;&nbsp;__aeabi_memclr4
<LI><a href="#[10a]">&gt;&gt;</a>&nbsp;&nbsp;&nbsp;__aeabi_memcpy
</UL>
<BR>[Called By]<UL><LI><a href="#[2a6]">&gt;&gt;</a>&nbsp;&nbsp;&nbsp;k6x4M72aHSH1VlSq
</UL>

<P><STRONG><a name="[327]"></a>_dRP1TqR6ssY91Jh216TE</STRONG> (Thumb, 686 bytes, Stack size 96 bytes, xj318UQ5ig3d0Grq16iF.o(i._dRP1TqR6ssY91Jh216TE))
<BR><BR>[Stack]<UL><LI>Max Depth = 200<LI>Call Chain = _dRP1TqR6ssY91Jh216TE &rArr; liacNwio &rArr; __aeabi_memcpy4
</UL>
<BR>[Calls]<UL><LI><a href="#[354]">&gt;&gt;</a>&nbsp;&nbsp;&nbsp;liacsYY
<LI><a href="#[352]">&gt;&gt;</a>&nbsp;&nbsp;&nbsp;liacNwio
<LI><a href="#[34e]">&gt;&gt;</a>&nbsp;&nbsp;&nbsp;liacsYYzPti
<LI><a href="#[34f]">&gt;&gt;</a>&nbsp;&nbsp;&nbsp;liacjUBPticadU
<LI><a href="#[34d]">&gt;&gt;</a>&nbsp;&nbsp;&nbsp;liacewwHaifzPti
<LI><a href="#[34c]">&gt;&gt;</a>&nbsp;&nbsp;&nbsp;liacNwiozPti
<LI><a href="#[34b]">&gt;&gt;</a>&nbsp;&nbsp;&nbsp;liaczPticadU
<LI><a href="#[144]">&gt;&gt;</a>&nbsp;&nbsp;&nbsp;__aeabi_memcpy4
</UL>
<BR>[Called By]<UL><LI><a href="#[326]">&gt;&gt;</a>&nbsp;&nbsp;&nbsp;Wa2O6OG26449h
</UL>

<P><STRONG><a name="[2f1]"></a>x8k5ZsE25g18lkx8m</STRONG> (Thumb, 138 bytes, Stack size 104 bytes, xj318UQ5ig3d0Grq16iF.o(i.x8k5ZsE25g18lkx8m))
<BR><BR>[Stack]<UL><LI>Max Depth = 116<LI>Call Chain = x8k5ZsE25g18lkx8m &rArr; etqTZiihUiIwm
</UL>
<BR>[Calls]<UL><LI><a href="#[143]">&gt;&gt;</a>&nbsp;&nbsp;&nbsp;etqTZiihUiIwm
<LI><a href="#[106]">&gt;&gt;</a>&nbsp;&nbsp;&nbsp;__aeabi_memclr4
<LI><a href="#[144]">&gt;&gt;</a>&nbsp;&nbsp;&nbsp;__aeabi_memcpy4
</UL>
<BR>[Called By]<UL><LI><a href="#[2f0]">&gt;&gt;</a>&nbsp;&nbsp;&nbsp;S7I32Ox1ayq0AgrkoFi
</UL>

<P><STRONG><a name="[9d]"></a>ElqmvyB9svE0AL</STRONG> (Thumb, 152 bytes, Stack size 40 bytes, 1x3gWY4Q64R.o(i.ElqmvyB9svE0AL))
<BR><BR>[Stack]<UL><LI>Max Depth = 56<LI>Call Chain = ElqmvyB9svE0AL &rArr; __hardfp_expf
</UL>
<BR>[Calls]<UL><LI><a href="#[15a]">&gt;&gt;</a>&nbsp;&nbsp;&nbsp;__hardfp_expf
</UL>
<BR>[Address Reference Count : 1]<UL><LI> 1x3gWY4Q64R.o(i.liacuwrcbtQ)
</UL>
<P><STRONG><a name="[2e6]"></a>NGBJtL8F45</STRONG> (Thumb, 140 bytes, Stack size 40 bytes, FPLo6BmQC2.o(i.NGBJtL8F45))
<BR><BR>[Stack]<UL><LI>Max Depth = 48<LI>Call Chain = NGBJtL8F45 &rArr; __aeabi_memcpy4
</UL>
<BR>[Calls]<UL><LI><a href="#[144]">&gt;&gt;</a>&nbsp;&nbsp;&nbsp;__aeabi_memcpy4
</UL>
<BR>[Called By]<UL><LI><a href="#[96]">&gt;&gt;</a>&nbsp;&nbsp;&nbsp;_03k64mZIHG9C
</UL>

<P><STRONG><a name="[96]"></a>_03k64mZIHG9C</STRONG> (Thumb, 6 bytes, Stack size 0 bytes, FPLo6BmQC2.o(i._03k64mZIHG9C))
<BR><BR>[Stack]<UL><LI>Max Depth = 48<LI>Call Chain = _03k64mZIHG9C &rArr; NGBJtL8F45 &rArr; __aeabi_memcpy4
</UL>
<BR>[Calls]<UL><LI><a href="#[2e6]">&gt;&gt;</a>&nbsp;&nbsp;&nbsp;NGBJtL8F45
</UL>
<BR>[Address Reference Count : 1]<UL><LI> FPLo6BmQC2.o(i.liacNwiqtc)
</UL>
<P><STRONG><a name="[9a]"></a>kzk84HpK5ctU2b2h5</STRONG> (Thumb, 156 bytes, Stack size 24 bytes, HLkiB0d3VLyn7Q.o(i.kzk84HpK5ctU2b2h5))
<BR><BR>[Stack]<UL><LI>Max Depth = 40<LI>Call Chain = kzk84HpK5ctU2b2h5 &rArr; __hardfp_fmaxf
</UL>
<BR>[Calls]<UL><LI><a href="#[13a]">&gt;&gt;</a>&nbsp;&nbsp;&nbsp;__hardfp_fmaxf
</UL>
<BR>[Address Reference Count : 1]<UL><LI> HLkiB0d3VLyn7Q.o(i.liacjUBPticadU)
</UL>
<P><STRONG><a name="[99]"></a>H8pMi3qwv4bjkM</STRONG> (Thumb, 434 bytes, Stack size 52 bytes, K5172SL1C6u.o(i.H8pMi3qwv4bjkM))
<BR><BR>[Stack]<UL><LI>Max Depth = 52<LI>Call Chain = H8pMi3qwv4bjkM
</UL>
<BR>[Address Reference Count : 1]<UL><LI> K5172SL1C6u.o(i.liacewwHaifzPti)
</UL>
<P><STRONG><a name="[98]"></a>j23zu8NUEW81fo</STRONG> (Thumb, 260 bytes, Stack size 64 bytes, K5172SL1C6u.o(i.j23zu8NUEW81fo))
<BR><BR>[Stack]<UL><LI>Max Depth = 80<LI>Call Chain = j23zu8NUEW81fo &rArr; __hardfp_fmaxf
</UL>
<BR>[Calls]<UL><LI><a href="#[13a]">&gt;&gt;</a>&nbsp;&nbsp;&nbsp;__hardfp_fmaxf
</UL>
<BR>[Address Reference Count : 1]<UL><LI> K5172SL1C6u.o(i.liacewwHaif)
</UL>
<P><STRONG><a name="[95]"></a>JLb8EcHwHJ7002m8LXHgf5Kge</STRONG> (Thumb, 3796 bytes, Stack size 656 bytes, anccHvM9nXF3Z1m.o(i.JLb8EcHwHJ7002m8LXHgf5Kge))
<BR><BR>[Stack]<UL><LI>Max Depth = 688<LI>Call Chain = JLb8EcHwHJ7002m8LXHgf5Kge &rArr; LN7LdS2SU8VJ31qIYJnzg96ov0j4AxF7hp
</UL>
<BR>[Calls]<UL><LI><a href="#[2a7]">&gt;&gt;</a>&nbsp;&nbsp;&nbsp;v5h1Sf62pB
<LI><a href="#[2aa]">&gt;&gt;</a>&nbsp;&nbsp;&nbsp;_624wE054S8QR0J
<LI><a href="#[2a9]">&gt;&gt;</a>&nbsp;&nbsp;&nbsp;LN7LdS2SU8VJ31qIYJnzg96ov0j4AxF7hp
<LI><a href="#[106]">&gt;&gt;</a>&nbsp;&nbsp;&nbsp;__aeabi_memclr4
<LI><a href="#[118]">&gt;&gt;</a>&nbsp;&nbsp;&nbsp;__aeabi_memset
<LI><a href="#[2a8]">&gt;&gt;</a>&nbsp;&nbsp;&nbsp;__aeabi_memmove
<LI><a href="#[13a]">&gt;&gt;</a>&nbsp;&nbsp;&nbsp;__hardfp_fmaxf
</UL>
<BR>[Address Reference Count : 1]<UL><LI> anccHvM9nXF3Z1m.o(i.liacNwiozPti)
</UL>
<P><STRONG><a name="[2a9]"></a>LN7LdS2SU8VJ31qIYJnzg96ov0j4AxF7hp</STRONG> (Thumb, 364 bytes, Stack size 32 bytes, anccHvM9nXF3Z1m.o(i.LN7LdS2SU8VJ31qIYJnzg96ov0j4AxF7hp))
<BR><BR>[Stack]<UL><LI>Max Depth = 32<LI>Call Chain = LN7LdS2SU8VJ31qIYJnzg96ov0j4AxF7hp
</UL>
<BR>[Calls]<UL><LI><a href="#[2ba]">&gt;&gt;</a>&nbsp;&nbsp;&nbsp;__hardfp_floorf
</UL>
<BR>[Called By]<UL><LI><a href="#[95]">&gt;&gt;</a>&nbsp;&nbsp;&nbsp;JLb8EcHwHJ7002m8LXHgf5Kge
</UL>

<P><STRONG><a name="[2aa]"></a>_624wE054S8QR0J</STRONG> (Thumb, 24 bytes, Stack size 0 bytes, anccHvM9nXF3Z1m.o(i._624wE054S8QR0J))
<BR><BR>[Called By]<UL><LI><a href="#[95]">&gt;&gt;</a>&nbsp;&nbsp;&nbsp;JLb8EcHwHJ7002m8LXHgf5Kge
</UL>

<P><STRONG><a name="[94]"></a>p8qVv88A9S4U3Z4wn3RA2QhId</STRONG> (Thumb, 1248 bytes, Stack size 128 bytes, anccHvM9nXF3Z1m.o(i.p8qVv88A9S4U3Z4wn3RA2QhId))
<BR><BR>[Stack]<UL><LI>Max Depth = 144<LI>Call Chain = p8qVv88A9S4U3Z4wn3RA2QhId &rArr; __hardfp_expf
</UL>
<BR>[Calls]<UL><LI><a href="#[106]">&gt;&gt;</a>&nbsp;&nbsp;&nbsp;__aeabi_memclr4
<LI><a href="#[2df]">&gt;&gt;</a>&nbsp;&nbsp;&nbsp;__aeabi_memmove4
<LI><a href="#[2a8]">&gt;&gt;</a>&nbsp;&nbsp;&nbsp;__aeabi_memmove
<LI><a href="#[15a]">&gt;&gt;</a>&nbsp;&nbsp;&nbsp;__hardfp_expf
</UL>
<BR>[Address Reference Count : 1]<UL><LI> anccHvM9nXF3Z1m.o(i.liacNwio)
</UL>
<P><STRONG><a name="[2a7]"></a>v5h1Sf62pB</STRONG> (Thumb, 34 bytes, Stack size 0 bytes, anccHvM9nXF3Z1m.o(i.v5h1Sf62pB))
<BR><BR>[Called By]<UL><LI><a href="#[95]">&gt;&gt;</a>&nbsp;&nbsp;&nbsp;JLb8EcHwHJ7002m8LXHgf5Kge
</UL>

<P><STRONG><a name="[139]"></a>B1M5oTt2t9O3</STRONG> (Thumb, 54 bytes, Stack size 16 bytes, o78h68U.o(i.B1M5oTt2t9O3))
<BR><BR>[Stack]<UL><LI>Max Depth = 32<LI>Call Chain = B1M5oTt2t9O3 &rArr; __hardfp_fmaxf
</UL>
<BR>[Calls]<UL><LI><a href="#[13b]">&gt;&gt;</a>&nbsp;&nbsp;&nbsp;v5h1Sf62pB
<LI><a href="#[13a]">&gt;&gt;</a>&nbsp;&nbsp;&nbsp;__hardfp_fmaxf
</UL>
<BR>[Called By]<UL><LI><a href="#[9c]">&gt;&gt;</a>&nbsp;&nbsp;&nbsp;_sPr5xcm2E
</UL>

<P><STRONG><a name="[9c]"></a>_sPr5xcm2E</STRONG> (Thumb, 228 bytes, Stack size 80 bytes, o78h68U.o(i._sPr5xcm2E))
<BR><BR>[Stack]<UL><LI>Max Depth = 112<LI>Call Chain = _sPr5xcm2E &rArr; B1M5oTt2t9O3 &rArr; __hardfp_fmaxf
</UL>
<BR>[Calls]<UL><LI><a href="#[13b]">&gt;&gt;</a>&nbsp;&nbsp;&nbsp;v5h1Sf62pB
<LI><a href="#[139]">&gt;&gt;</a>&nbsp;&nbsp;&nbsp;B1M5oTt2t9O3
</UL>
<BR>[Address Reference Count : 1]<UL><LI> o78h68U.o(i.liacsYYzPti)
</UL>
<P><STRONG><a name="[9b]"></a>ddc0vfgkya</STRONG> (Thumb, 164 bytes, Stack size 16 bytes, o78h68U.o(i.ddc0vfgkya))
<BR><BR>[Stack]<UL><LI>Max Depth = 16<LI>Call Chain = ddc0vfgkya
</UL>
<BR>[Address Reference Count : 1]<UL><LI> o78h68U.o(i.liacsYY)
</UL>
<P><STRONG><a name="[13b]"></a>v5h1Sf62pB</STRONG> (Thumb, 34 bytes, Stack size 0 bytes, o78h68U.o(i.v5h1Sf62pB))
<BR><BR>[Called By]<UL><LI><a href="#[9c]">&gt;&gt;</a>&nbsp;&nbsp;&nbsp;_sPr5xcm2E
<LI><a href="#[139]">&gt;&gt;</a>&nbsp;&nbsp;&nbsp;B1M5oTt2t9O3
</UL>

<P><STRONG><a name="[13c]"></a>B1M5oTt2t9O3</STRONG> (Thumb, 54 bytes, Stack size 16 bytes, rWl1q2F.o(i.B1M5oTt2t9O3))
<BR><BR>[Stack]<UL><LI>Max Depth = 32<LI>Call Chain = B1M5oTt2t9O3 &rArr; __hardfp_fmaxf
</UL>
<BR>[Calls]<UL><LI><a href="#[13a]">&gt;&gt;</a>&nbsp;&nbsp;&nbsp;__hardfp_fmaxf
<LI><a href="#[13d]">&gt;&gt;</a>&nbsp;&nbsp;&nbsp;v5h1Sf62pB
</UL>
<BR>[Called By]<UL><LI><a href="#[92]">&gt;&gt;</a>&nbsp;&nbsp;&nbsp;_TzeqQ65ln
</UL>

<P><STRONG><a name="[2bb]"></a>LN7LdS2SU8VJ31qIYJnzg96ov0j4AxF7hp</STRONG> (Thumb, 364 bytes, Stack size 32 bytes, rWl1q2F.o(i.LN7LdS2SU8VJ31qIYJnzg96ov0j4AxF7hp))
<BR><BR>[Stack]<UL><LI>Max Depth = 32<LI>Call Chain = LN7LdS2SU8VJ31qIYJnzg96ov0j4AxF7hp
</UL>
<BR>[Calls]<UL><LI><a href="#[2ba]">&gt;&gt;</a>&nbsp;&nbsp;&nbsp;__hardfp_floorf
</UL>
<BR>[Called By]<UL><LI><a href="#[92]">&gt;&gt;</a>&nbsp;&nbsp;&nbsp;_TzeqQ65ln
</UL>

<P><STRONG><a name="[92]"></a>_TzeqQ65ln</STRONG> (Thumb, 1148 bytes, Stack size 200 bytes, rWl1q2F.o(i._TzeqQ65ln))
<BR><BR>[Stack]<UL><LI>Max Depth = 252<LI>Call Chain = _TzeqQ65ln &rArr; e2BDi846j
</UL>
<BR>[Calls]<UL><LI><a href="#[376]">&gt;&gt;</a>&nbsp;&nbsp;&nbsp;__hardfp_tanhf
<LI><a href="#[15a]">&gt;&gt;</a>&nbsp;&nbsp;&nbsp;__hardfp_expf
<LI><a href="#[13d]">&gt;&gt;</a>&nbsp;&nbsp;&nbsp;v5h1Sf62pB
<LI><a href="#[375]">&gt;&gt;</a>&nbsp;&nbsp;&nbsp;e2BDi846j
<LI><a href="#[2bb]">&gt;&gt;</a>&nbsp;&nbsp;&nbsp;LN7LdS2SU8VJ31qIYJnzg96ov0j4AxF7hp
<LI><a href="#[13c]">&gt;&gt;</a>&nbsp;&nbsp;&nbsp;B1M5oTt2t9O3
</UL>
<BR>[Address Reference Count : 1]<UL><LI> rWl1q2F.o(i.liacAEg)
</UL>
<P><STRONG><a name="[375]"></a>e2BDi846j</STRONG> (Thumb, 208 bytes, Stack size 52 bytes, rWl1q2F.o(i.e2BDi846j))
<BR><BR>[Stack]<UL><LI>Max Depth = 52<LI>Call Chain = e2BDi846j
</UL>
<BR>[Called By]<UL><LI><a href="#[92]">&gt;&gt;</a>&nbsp;&nbsp;&nbsp;_TzeqQ65ln
</UL>

<P><STRONG><a name="[13d]"></a>v5h1Sf62pB</STRONG> (Thumb, 34 bytes, Stack size 0 bytes, rWl1q2F.o(i.v5h1Sf62pB))
<BR><BR>[Called By]<UL><LI><a href="#[92]">&gt;&gt;</a>&nbsp;&nbsp;&nbsp;_TzeqQ65ln
<LI><a href="#[13c]">&gt;&gt;</a>&nbsp;&nbsp;&nbsp;B1M5oTt2t9O3
</UL>

<P><STRONG><a name="[97]"></a>_6H2zkpjN</STRONG> (Thumb, 252 bytes, Stack size 40 bytes, u82Y32.o(i._6H2zkpjN))
<BR><BR>[Stack]<UL><LI>Max Depth = 56<LI>Call Chain = _6H2zkpjN &rArr; __hardfp_expf
</UL>
<BR>[Calls]<UL><LI><a href="#[15a]">&gt;&gt;</a>&nbsp;&nbsp;&nbsp;__hardfp_expf
</UL>
<BR>[Address Reference Count : 1]<UL><LI> u82Y32.o(i.liacXN)
</UL>
<P><STRONG><a name="[2b2]"></a>P9615N309y9y87</STRONG> (Thumb, 196 bytes, Stack size 96 bytes, 77hl0Uu5s95QZ9Dwf41JF9.o(i.P9615N309y9y87))
<BR><BR>[Stack]<UL><LI>Max Depth = 108<LI>Call Chain = P9615N309y9y87 &rArr; etqTZiihUiIwm
</UL>
<BR>[Calls]<UL><LI><a href="#[143]">&gt;&gt;</a>&nbsp;&nbsp;&nbsp;etqTZiihUiIwm
<LI><a href="#[106]">&gt;&gt;</a>&nbsp;&nbsp;&nbsp;__aeabi_memclr4
<LI><a href="#[144]">&gt;&gt;</a>&nbsp;&nbsp;&nbsp;__aeabi_memcpy4
</UL>
<BR>[Called By]<UL><LI><a href="#[2a1]">&gt;&gt;</a>&nbsp;&nbsp;&nbsp;K0gIeNUsh45UJ
</UL>

<P><STRONG><a name="[31e]"></a>_5BqE2a2H34BEd22</STRONG> (Thumb, 884 bytes, Stack size 128 bytes, 77hl0Uu5s95QZ9Dwf41JF9.o(i._5BqE2a2H34BEd22))
<BR><BR>[Stack]<UL><LI>Max Depth = 232<LI>Call Chain = _5BqE2a2H34BEd22 &rArr; liacNwio &rArr; __aeabi_memcpy4
</UL>
<BR>[Calls]<UL><LI><a href="#[351]">&gt;&gt;</a>&nbsp;&nbsp;&nbsp;liacewwHaif
<LI><a href="#[354]">&gt;&gt;</a>&nbsp;&nbsp;&nbsp;liacsYY
<LI><a href="#[352]">&gt;&gt;</a>&nbsp;&nbsp;&nbsp;liacNwio
<LI><a href="#[34e]">&gt;&gt;</a>&nbsp;&nbsp;&nbsp;liacsYYzPti
<LI><a href="#[34f]">&gt;&gt;</a>&nbsp;&nbsp;&nbsp;liacjUBPticadU
<LI><a href="#[34d]">&gt;&gt;</a>&nbsp;&nbsp;&nbsp;liacewwHaifzPti
<LI><a href="#[34c]">&gt;&gt;</a>&nbsp;&nbsp;&nbsp;liacNwiozPti
<LI><a href="#[34b]">&gt;&gt;</a>&nbsp;&nbsp;&nbsp;liaczPticadU
<LI><a href="#[144]">&gt;&gt;</a>&nbsp;&nbsp;&nbsp;__aeabi_memcpy4
<LI><a href="#[353]">&gt;&gt;</a>&nbsp;&nbsp;&nbsp;liacKPH
<LI><a href="#[350]">&gt;&gt;</a>&nbsp;&nbsp;&nbsp;SwyPgIGwcBMcr
</UL>
<BR>[Called By]<UL><LI><a href="#[31d]">&gt;&gt;</a>&nbsp;&nbsp;&nbsp;VqqhalI23c
</UL>

<P><STRONG><a name="[2b3]"></a>g6ox286ro238OdFsi</STRONG> (Thumb, 164 bytes, Stack size 104 bytes, 77hl0Uu5s95QZ9Dwf41JF9.o(i.g6ox286ro238OdFsi))
<BR><BR>[Stack]<UL><LI>Max Depth = 116<LI>Call Chain = g6ox286ro238OdFsi &rArr; etqTZiihUiIwm
</UL>
<BR>[Calls]<UL><LI><a href="#[143]">&gt;&gt;</a>&nbsp;&nbsp;&nbsp;etqTZiihUiIwm
<LI><a href="#[106]">&gt;&gt;</a>&nbsp;&nbsp;&nbsp;__aeabi_memclr4
<LI><a href="#[144]">&gt;&gt;</a>&nbsp;&nbsp;&nbsp;__aeabi_memcpy4
</UL>
<BR>[Called By]<UL><LI><a href="#[2a1]">&gt;&gt;</a>&nbsp;&nbsp;&nbsp;K0gIeNUsh45UJ
</UL>

<P><STRONG><a name="[2b1]"></a>ohn65BJoqs2sj32P2ZZK9</STRONG> (Thumb, 228 bytes, Stack size 104 bytes, 77hl0Uu5s95QZ9Dwf41JF9.o(i.ohn65BJoqs2sj32P2ZZK9))
<BR><BR>[Stack]<UL><LI>Max Depth = 116<LI>Call Chain = ohn65BJoqs2sj32P2ZZK9 &rArr; etqTZiihUiIwm
</UL>
<BR>[Calls]<UL><LI><a href="#[143]">&gt;&gt;</a>&nbsp;&nbsp;&nbsp;etqTZiihUiIwm
<LI><a href="#[106]">&gt;&gt;</a>&nbsp;&nbsp;&nbsp;__aeabi_memclr4
<LI><a href="#[144]">&gt;&gt;</a>&nbsp;&nbsp;&nbsp;__aeabi_memcpy4
</UL>
<BR>[Called By]<UL><LI><a href="#[2bc]">&gt;&gt;</a>&nbsp;&nbsp;&nbsp;TMkwuawn1RHq7K55Tjv8ZWhx
<LI><a href="#[2a1]">&gt;&gt;</a>&nbsp;&nbsp;&nbsp;K0gIeNUsh45UJ
</UL>

<P><STRONG><a name="[93]"></a>MxaJmbKti5</STRONG> (Thumb, 152 bytes, Stack size 28 bytes, 8id87Wp.o(i.MxaJmbKti5))
<BR><BR>[Stack]<UL><LI>Max Depth = 28<LI>Call Chain = MxaJmbKti5
</UL>
<BR>[Address Reference Count : 1]<UL><LI> 8id87Wp.o(i.liacKPH)
</UL>
<P><STRONG><a name="[5e]"></a>R4UNTGBX7qdc6g83</STRONG> (Thumb, 92 bytes, Stack size 32 bytes, HlnJbRFshJch7.o(i.R4UNTGBX7qdc6g83))
<BR><BR>[Stack]<UL><LI>Max Depth = 32<LI>Call Chain = R4UNTGBX7qdc6g83
</UL>
<BR>[Address Reference Count : 1]<UL><LI> HlnJbRFshJch7.o(i.SwyPgIGwcBMcr)
</UL>
<P><STRONG><a name="[3a4]"></a>_fp_digits</STRONG> (Thumb, 366 bytes, Stack size 64 bytes, printfa.o(i._fp_digits), UNUSED)
<BR><BR>[Calls]<UL><LI><a href="#[120]">&gt;&gt;</a>&nbsp;&nbsp;&nbsp;__aeabi_dmul
<LI><a href="#[121]">&gt;&gt;</a>&nbsp;&nbsp;&nbsp;__aeabi_ddiv
<LI><a href="#[11a]">&gt;&gt;</a>&nbsp;&nbsp;&nbsp;__aeabi_dadd
<LI><a href="#[341]">&gt;&gt;</a>&nbsp;&nbsp;&nbsp;__aeabi_cdrcmple
<LI><a href="#[113]">&gt;&gt;</a>&nbsp;&nbsp;&nbsp;__aeabi_uldivmod
<LI><a href="#[130]">&gt;&gt;</a>&nbsp;&nbsp;&nbsp;__aeabi_d2ulz
</UL>
<BR>[Called By]<UL><LI><a href="#[37f]">&gt;&gt;</a>&nbsp;&nbsp;&nbsp;_printf_core
</UL>

<P><STRONG><a name="[37f]"></a>_printf_core</STRONG> (Thumb, 1704 bytes, Stack size 136 bytes, printfa.o(i._printf_core), UNUSED)
<BR><BR>[Calls]<UL><LI><a href="#[113]">&gt;&gt;</a>&nbsp;&nbsp;&nbsp;__aeabi_uldivmod
<LI><a href="#[3c4]">&gt;&gt;</a>&nbsp;&nbsp;&nbsp;__aeabi_uidivmod
<LI><a href="#[3c2]">&gt;&gt;</a>&nbsp;&nbsp;&nbsp;_printf_pre_padding
<LI><a href="#[3c3]">&gt;&gt;</a>&nbsp;&nbsp;&nbsp;_printf_post_padding
<LI><a href="#[3a4]">&gt;&gt;</a>&nbsp;&nbsp;&nbsp;_fp_digits
</UL>
<BR>[Called By]<UL><LI><a href="#[383]">&gt;&gt;</a>&nbsp;&nbsp;&nbsp;__0vsprintf
<LI><a href="#[382]">&gt;&gt;</a>&nbsp;&nbsp;&nbsp;__0vsnprintf
<LI><a href="#[381]">&gt;&gt;</a>&nbsp;&nbsp;&nbsp;__0sprintf
<LI><a href="#[380]">&gt;&gt;</a>&nbsp;&nbsp;&nbsp;__0snprintf
<LI><a href="#[37e]">&gt;&gt;</a>&nbsp;&nbsp;&nbsp;__0printf
</UL>

<P><STRONG><a name="[3c3]"></a>_printf_post_padding</STRONG> (Thumb, 36 bytes, Stack size 24 bytes, printfa.o(i._printf_post_padding), UNUSED)
<BR><BR>[Called By]<UL><LI><a href="#[37f]">&gt;&gt;</a>&nbsp;&nbsp;&nbsp;_printf_core
</UL>

<P><STRONG><a name="[3c2]"></a>_printf_pre_padding</STRONG> (Thumb, 46 bytes, Stack size 24 bytes, printfa.o(i._printf_pre_padding), UNUSED)
<BR><BR>[Called By]<UL><LI><a href="#[37f]">&gt;&gt;</a>&nbsp;&nbsp;&nbsp;_printf_core
</UL>

<P><STRONG><a name="[62]"></a>_snputc</STRONG> (Thumb, 22 bytes, Stack size 0 bytes, printfa.o(i._snputc))
<BR>[Address Reference Count : 2]<UL><LI> printfa.o(i.__0vsnprintf)
<LI> printfa.o(i.__0snprintf)
</UL>
<P><STRONG><a name="[63]"></a>_sputc</STRONG> (Thumb, 10 bytes, Stack size 0 bytes, printfa.o(i._sputc))
<BR><BR>[Called By]<UL><LI><a href="#[383]">&gt;&gt;</a>&nbsp;&nbsp;&nbsp;__0vsprintf
<LI><a href="#[381]">&gt;&gt;</a>&nbsp;&nbsp;&nbsp;__0sprintf
</UL>
<BR>[Address Reference Count : 2]<UL><LI> printfa.o(i.__0sprintf)
<LI> printfa.o(i.__0vsprintf)
</UL><P>
<H3>
Undefined Global Symbols
</H3><HR></body></html>
